Component: ARM Compiler 5.06 update 5 (build 528) Tool: armlink [4d35e2]

==============================================================================

Section Cross References

    startup_stm32f103x6.o(STACK) refers (Special) to heapauxi.o(.text) for __use_two_region_memory
    startup_stm32f103x6.o(HEAP) refers (Special) to heapauxi.o(.text) for __use_two_region_memory
    startup_stm32f103x6.o(RESET) refers (Special) to heapauxi.o(.text) for __use_two_region_memory
    startup_stm32f103x6.o(RESET) refers to startup_stm32f103x6.o(STACK) for __initial_sp
    startup_stm32f103x6.o(RESET) refers to startup_stm32f103x6.o(.text) for Reset_Handler
    startup_stm32f103x6.o(RESET) refers to stm32f1xx_it.o(i.NMI_Handler) for NMI_Handler
    startup_stm32f103x6.o(RESET) refers to stm32f1xx_it.o(i.HardFault_Handler) for HardFault_Handler
    startup_stm32f103x6.o(RESET) refers to stm32f1xx_it.o(i.MemManage_Handler) for MemManage_Handler
    startup_stm32f103x6.o(RESET) refers to stm32f1xx_it.o(i.BusFault_Handler) for BusFault_Handler
    startup_stm32f103x6.o(RESET) refers to stm32f1xx_it.o(i.UsageFault_Handler) for UsageFault_Handler
    startup_stm32f103x6.o(RESET) refers to stm32f1xx_it.o(i.SVC_Handler) for SVC_Handler
    startup_stm32f103x6.o(RESET) refers to stm32f1xx_it.o(i.DebugMon_Handler) for DebugMon_Handler
    startup_stm32f103x6.o(RESET) refers to stm32f1xx_it.o(i.PendSV_Handler) for PendSV_Handler
    startup_stm32f103x6.o(RESET) refers to stm32f1xx_it.o(i.SysTick_Handler) for SysTick_Handler
    startup_stm32f103x6.o(RESET) refers to stm32f1xx_it.o(i.DMA1_Channel4_IRQHandler) for DMA1_Channel4_IRQHandler
    startup_stm32f103x6.o(RESET) refers to serial.o(i.DMA1_Channel5_IRQHandler) for DMA1_Channel5_IRQHandler
    startup_stm32f103x6.o(RESET) refers to stm32f1xx_it.o(i.EXTI9_5_IRQHandler) for EXTI9_5_IRQHandler
    startup_stm32f103x6.o(RESET) refers to stm32f1xx_it.o(i.TIM1_CC_IRQHandler) for TIM1_CC_IRQHandler
    startup_stm32f103x6.o(RESET) refers to stm32f1xx_it.o(i.TIM2_IRQHandler) for TIM2_IRQHandler
    startup_stm32f103x6.o(RESET) refers to stm32f1xx_it.o(i.TIM3_IRQHandler) for TIM3_IRQHandler
    startup_stm32f103x6.o(RESET) refers to serial.o(i.USART1_IRQHandler) for USART1_IRQHandler
    startup_stm32f103x6.o(.text) refers (Special) to heapauxi.o(.text) for __use_two_region_memory
    startup_stm32f103x6.o(.text) refers to system_stm32f1xx.o(i.SystemInit) for SystemInit
    startup_stm32f103x6.o(.text) refers to __main.o(!!!main) for __main
    startup_stm32f103x6.o(.text) refers to startup_stm32f103x6.o(HEAP) for Heap_Mem
    startup_stm32f103x6.o(.text) refers to startup_stm32f103x6.o(STACK) for Stack_Mem
    main.o(i.SystemClock_Config) refers to rt_memclr_w.o(.text) for __aeabi_memclr4
    main.o(i.SystemClock_Config) refers to stm32f1xx_hal_rcc.o(i.HAL_RCC_OscConfig) for HAL_RCC_OscConfig
    main.o(i.SystemClock_Config) refers to stm32f1xx_hal_rcc.o(i.HAL_RCC_ClockConfig) for HAL_RCC_ClockConfig
    main.o(i.main) refers to stm32f1xx_hal.o(i.HAL_Init) for HAL_Init
    main.o(i.main) refers to main.o(i.SystemClock_Config) for SystemClock_Config
    main.o(i.main) refers to gpio.o(i.MX_GPIO_Init) for MX_GPIO_Init
    main.o(i.main) refers to dma.o(i.MX_DMA_Init) for MX_DMA_Init
    main.o(i.main) refers to tim.o(i.MX_TIM3_Init) for MX_TIM3_Init
    main.o(i.main) refers to tim.o(i.MX_TIM1_Init) for MX_TIM1_Init
    main.o(i.main) refers to tim.o(i.MX_TIM2_Init) for MX_TIM2_Init
    main.o(i.main) refers to usart.o(i.MX_USART1_UART_Init) for MX_USART1_UART_Init
    main.o(i.main) refers to serial.o(i.USART1_Init) for USART1_Init
    main.o(i.main) refers to ssd1306_oled.o(i.OLED_Init) for OLED_Init
    main.o(i.main) refers to hcsr04.o(i.HC_SR04_Init) for HC_SR04_Init
    main.o(i.main) refers to ds18b20.o(i.DS18B20_Init) for DS18B20_Init
    main.o(i.main) refers to serial.o(i.Myprintf) for Myprintf
    main.o(i.main) refers to ic.o(i.IC_Init) for IC_Init
    main.o(i.main) refers to key.o(i.GetKeyNum) for GetKeyNum
    main.o(i.main) refers to function.o(i.KeepShow) for KeepShow
    main.o(i.main) refers to function.o(i.ChangeShow) for ChangeShow
    main.o(i.main) refers to function.o(i.EnCoder_Count) for EnCoder_Count
    main.o(i.main) refers to function.o(i.SetTemp) for SetTemp
    main.o(i.main) refers to function.o(i.Turn_Show) for Turn_Show
    main.o(i.main) refers to function.o(i.TimeSet) for TimeSet
    main.o(i.main) refers to function.o(i.AlarmSet) for AlarmSet
    main.o(i.main) refers to function.o(i.ConfirmData) for ConfirmData
    main.o(i.main) refers to function.o(i.ChangeIC_Channel) for ChangeIC_Channel
    main.o(i.main) refers to function.o(i.WarningState) for WarningState
    main.o(i.main) refers to main.o(.data) for .data
    gpio.o(i.MX_GPIO_Init) refers to stm32f1xx_hal_gpio.o(i.HAL_GPIO_WritePin) for HAL_GPIO_WritePin
    gpio.o(i.MX_GPIO_Init) refers to stm32f1xx_hal_gpio.o(i.HAL_GPIO_Init) for HAL_GPIO_Init
[...]
    __rt_entry                               0x08000215   Thumb Code     0  __rtentry.o(.ARM.Collect$$rtentry$$00000000)
    __rt_entry_presh_1                       0x08000215   Thumb Code     0  __rtentry2.o(.ARM.Collect$$rtentry$$00000002)
    __rt_entry_sh                            0x08000215   Thumb Code     0  __rtentry4.o(.ARM.Collect$$rtentry$$00000004)
    __rt_entry_li                            0x0800021b   Thumb Code     0  __rtentry2.o(.ARM.Collect$$rtentry$$0000000A)
    __rt_entry_postsh_1                      0x0800021b   Thumb Code     0  __rtentry2.o(.ARM.Collect$$rtentry$$00000009)
    __rt_entry_main                          0x0800021f   Thumb Code     0  __rtentry2.o(.ARM.Collect$$rtentry$$0000000D)
    __rt_entry_postli_1                      0x0800021f   Thumb Code     0  __rtentry2.o(.ARM.Collect$$rtentry$$0000000C)
    __rt_exit                                0x08000227   Thumb Code     0  rtexit.o(.ARM.Collect$$rtexit$$00000000)
    __rt_exit_ls                             0x08000229   Thumb Code     0  rtexit2.o(.ARM.Collect$$rtexit$$00000003)
    __rt_exit_prels_1                        0x08000229   Thumb Code     0  rtexit2.o(.ARM.Collect$$rtexit$$00000002)
    __rt_exit_exit                           0x0800022d   Thumb Code     0  rtexit2.o(.ARM.Collect$$rtexit$$00000004)
    Reset_Handler                            0x08000235   Thumb Code     8  startup_stm32f103x6.o(.text)
    ADC1_2_IRQHandler                        0x0800024f   Thumb Code     0  startup_stm32f103x6.o(.text)
    CAN1_RX1_IRQHandler                      0x0800024f   Thumb Code     0  startup_stm32f103x6.o(.text)
    CAN1_SCE_IRQHandler                      0x0800024f   Thumb Code     0  startup_stm32f103x6.o(.text)
    DMA1_Channel1_IRQHandler                 0x0800024f   Thumb Code     0  startup_stm32f103x6.o(.text)
    DMA1_Channel2_IRQHandler                 0x0800024f   Thumb Code     0  startup_stm32f103x6.o(.text)
    DMA1_Channel3_IRQHandler                 0x0800024f   Thumb Code     0  startup_stm32f103x6.o(.text)
    DMA1_Channel6_IRQHandler                 0x0800024f   Thumb Code     0  startup_stm32f103x6.o(.text)
    DMA1_Channel7_IRQHandler                 0x0800024f   Thumb Code     0  startup_stm32f103x6.o(.text)
    EXTI0_IRQHandler                         0x0800024f   Thumb Code     0  startup_stm32f103x6.o(.text)
    EXTI15_10_IRQHandler                     0x0800024f   Thumb Code     0  startup_stm32f103x6.o(.text)
    EXTI1_IRQHandler                         0x0800024f   Thumb Code     0  startup_stm32f103x6.o(.text)
    EXTI2_IRQHandler                         0x0800024f   Thumb Code     0  startup_stm32f103x6.o(.text)
    EXTI3_IRQHandler                         0x0800024f   Thumb Code     0  startup_stm32f103x6.o(.text)
    EXTI4_IRQHandler                         0x0800024f   Thumb Code     0  startup_stm32f103x6.o(.text)
    FLASH_IRQHandler                         0x0800024f   Thumb Code     0  startup_stm32f103x6.o(.text)
    I2C1_ER_IRQHandler                       0x0800024f   Thumb Code     0  startup_stm32f103x6.o(.text)
    I2C1_EV_IRQHandler                       0x0800024f   Thumb Code     0  startup_stm32f103x6.o(.text)
    PVD_IRQHandler                           0x0800024f   Thumb Code     0  startup_stm32f103x6.o(.text)
    RCC_IRQHandler                           0x0800024f   Thumb Code     0  startup_stm32f103x6.o(.text)
    RTC_Alarm_IRQHandler                     0x0800024f   Thumb Code     0  startup_stm32f103x6.o(.text)
    RTC_IRQHandler                           0x0800024f   Thumb Code     0  startup_stm32f103x6.o(.text)
    SPI1_IRQHandler                          0x0800024f   Thumb Code     0  startup_stm32f103x6.o(.text)
    TAMPER_IRQHandler                        0x0800024f   Thumb Code     0  startup_stm32f103x6.o(.text)
    TIM1_BRK_IRQHandler                      0x0800024f   Thumb Code     0  startup_stm32f103x6.o(.text)
    TIM1_TRG_COM_IRQHandler                  0x0800024f   Thumb Code     0  startup_stm32f103x6.o(.text)
    TIM1_UP_IRQHandler                       0x0800024f   Thumb Code     0  startup_stm32f103x6.o(.text)
    USART2_IRQHandler                        0x0800024f   Thumb Code     0  startup_stm32f103x6.o(.text)
    USBWakeUp_IRQHandler                     0x0800024f   Thumb Code     0  startup_stm32f103x6.o(.text)
    USB_HP_CAN1_TX_IRQHandler                0x0800024f   Thumb Code     0  startup_stm32f103x6.o(.text)
    USB_LP_CAN1_RX0_IRQHandler               0x0800024f   Thumb Code     0  startup_stm32f103x6.o(.text)
    WWDG_IRQHandler                          0x0800024f   Thumb Code     0  startup_stm32f103x6.o(.text)
    __user_initial_stackheap                 0x08000251   Thumb Code     0  startup_stm32f103x6.o(.text)
    __aeabi_uldivmod                         0x08000275   Thumb Code     0  lludivv7m.o(.text)
    _ll_udiv                                 0x08000275   Thumb Code   238  lludivv7m.o(.text)
    vsnprintf                                0x08000365   Thumb Code    48  vsnprintf.o(.text)
    strlen                                   0x08000399   Thumb Code    62  strlen.o(.text)
    __aeabi_memclr                           0x080003d7   Thumb Code     0  rt_memclr.o(.text)
    __rt_memclr                              0x080003d7   Thumb Code    68  rt_memclr.o(.text)
    _memset                                  0x080003db   Thumb Code     0  rt_memclr.o(.text)
    __aeabi_memclr4                          0x0800041b   Thumb Code     0  rt_memclr_w.o(.text)
    __aeabi_memclr8                          0x0800041b   Thumb Code     0  rt_memclr_w.o(.text)
    __rt_memclr_w                            0x0800041b   Thumb Code    78  rt_memclr_w.o(.text)
    _memset_w                                0x0800041f   Thumb Code     0  rt_memclr_w.o(.text)
    __use_two_region_memory                  0x08000469   Thumb Code     2  heapauxi.o(.text)
    __rt_heap_escrow$2region                 0x0800046b   Thumb Code     2  heapauxi.o(.text)
    __rt_heap_expand$2region                 0x0800046d   Thumb Code     2  heapauxi.o(.text)
    _printf_pre_padding                      0x0800046f   Thumb Code    44  _printf_pad.o(.text)
    _printf_post_padding                     0x0800049b   Thumb Code    34  _printf_pad.o(.text)
    _printf_truncate_signed                  0x080004bd   Thumb Code    18  _printf_truncate.o(.text)
    _printf_truncate_unsigned                0x080004cf   Thumb Code    18  _printf_truncate.o(.text)
    _printf_str                              0x080004e1   Thumb Code    82  _printf_str.o(.text)
    _printf_int_dec                          0x08000535   Thumb Code   104  _printf_dec.o(.text)
    _printf_charcount                        0x080005ad   Thumb Code    40  _printf_charcount.o(.text)
    _printf_char_common                      0x080005df   Thumb Code    32  _printf_char_common.o(.text)
    _sputc                                   0x08000605   Thumb Code    10  _sputc.o(.text)
    _snputc                                  0x0800060f   Thumb Code    16  _snputc.o(.text)
    _printf_wctomb                           0x08000621   Thumb Code   182  _printf_wctomb.o(.text)
    _printf_longlong_dec                     0x080006dd   Thumb Code   108  _printf_longlong_dec.o(.text)
    _printf_longlong_oct                     0x08000759   Thumb Code    66  _printf_oct_int_ll.o(.text)
    _printf_int_oct                          0x0800079b   Thumb Code    24  _printf_oct_int_ll.o(.text)
    _printf_ll_oct                           0x080007b3   Thumb Code    12  _printf_oct_int_ll.o(.text)
    _printf_longlong_hex                     0x080007c9   Thumb Code    86  _printf_hex_int_ll_ptr.o(.text)
    _printf_int_hex                          0x0800081f   Thumb Code    28  _printf_hex_int_ll_ptr.o(.text)
    _printf_ll_hex                           0x0800083b   Thumb Code    12  _printf_hex_int_ll_ptr.o(.text)
    _printf_hex_ptr                          0x08000847   Thumb Code    18  _printf_hex_int_ll_ptr.o(.text)
    __printf                                 0x0800085d   Thumb Code   388  __printf_flags_ss_wp.o(.text)
    _ll_udiv10                               0x080009e5   Thumb Code   138  lludiv10.o(.text)
    _printf_int_common                       0x08000a6f   Thumb Code   178  _printf_intcommon.o(.text)
    __lib_sel_fp_printf                      0x08000b21   Thumb Code     2  _printf_fp_dec.o(.text)
    _printf_fp_dec_real                      0x08000cd3   Thumb Code   620  _printf_fp_dec.o(.text)
    _printf_fp_hex_real                      0x08000f41   Thumb Code   756  _printf_fp_hex.o(.text)
    _printf_cs_common                        0x0800123d   Thumb Code    20  _printf_char.o(.text)
    _printf_char                             0x08001251   Thumb Code    16  _printf_char.o(.text)
    _printf_string                           0x08001261   Thumb Code     8  _printf_char.o(.text)
    _printf_lcs_common                       0x08001269   Thumb Code    20  _printf_wchar.o(.text)
    _printf_wchar                            0x0800127d   Thumb Code    16  _printf_wchar.o(.text)
    _printf_wstring                          0x0800128d   Thumb Code     8  _printf_wchar.o(.text)
    _wcrtomb                                 0x08001295   Thumb Code    64  _wcrtomb.o(.text)
    __user_setup_stackheap                   0x080012d5   Thumb Code    74  sys_stackheap_outer.o(.text)
    __rt_ctype_table                         0x08001321   Thumb Code    16  rt_ctype_table.o(.text)
    __rt_locale                              0x08001331   Thumb Code     8  rt_locale_intlibspace.o(.text)
    _printf_fp_infnan                        0x08001339   Thumb Code   112  _printf_fp_infnan.o(.text)
    _btod_etento                             0x080013b9   Thumb Code   224  bigflt0.o(.text)
    exit                                     0x0800149d   Thumb Code    18  exit.o(.text)
    __user_libspace                          0x080014b1   Thumb Code     8  libspace.o(.text)
    __user_perproc_libspace                  0x080014b1   Thumb Code     0  libspace.o(.text)
    __user_perthread_libspace                0x080014b1   Thumb Code     0  libspace.o(.text)
    strcmp                                   0x080014b9   Thumb Code   128  strcmpv7m.o(.text)
    _sys_exit                                0x08001539   Thumb Code     8  sys_exit.o(.text)
    __I$use$semihosting                      0x08001545   Thumb Code     0  use_no_semi.o(.text)
    __use_no_semihosting_swi                 0x08001545   Thumb Code     2  use_no_semi.o(.text)
    __semihosting_library_function           0x08001547   Thumb Code     0  indicate_semi.o(.text)
    _btod_d2e                                0x08001547   Thumb Code    62  btod.o(CL$$btod_d2e)
    _d2e_denorm_low                          0x08001585   Thumb Code    70  btod.o(CL$$btod_d2e_denorm_low)
    _d2e_norm_op1                            0x080015cb   Thumb Code    96  btod.o(CL$$btod_d2e_norm_op1)
    __btod_div_common                        0x0800162b   Thumb Code   696  btod.o(CL$$btod_div_common)
    _e2e                                     0x08001963   Thumb Code   220  btod.o(CL$$btod_e2e)
    _btod_ediv                               0x08001a3f   Thumb Code    42  btod.o(CL$$btod_ediv)
    _btod_emul                               0x08001a69   Thumb Code    42  btod.o(CL$$btod_emul)
    __btod_mult_common                       0x08001a93   Thumb Code   580  btod.o(CL$$btod_mult_common)
    AlarmSet                                 0x08001cd9   Thumb Code    34  function.o(i.AlarmSet)
    BusFault_Handler                         0x08001d01   Thumb Code     2  stm32f1xx_it.o(i.BusFault_Handler)
    Buzzer_OFF                               0x08001d05   Thumb Code    10  led.o(i.Buzzer_OFF)
    Buzzer_ON                                0x08001d15   Thumb Code    10  led.o(i.Buzzer_ON)
    ChangeIC_Channel                         0x08001d25   Thumb Code    52  function.o(i.ChangeIC_Channel)
    ChangeShow                               0x08001d5d   Thumb Code   434  function.o(i.ChangeShow)
    ConfirmData                              0x08001fcd   Thumb Code   242  function.o(i.ConfirmData)
    DMA1_Channel4_IRQHandler                 0x08002151   Thumb Code     6  stm32f1xx_it.o(i.DMA1_Channel4_IRQHandler)
    DMA1_Channel5_IRQHandler                 0x0800215d   Thumb Code    52  serial.o(i.DMA1_Channel5_IRQHandler)
    DMA_USART1_Tx_Data                       0x080021cd   Thumb Code    30  serial.o(i.DMA_USART1_Tx_Data)
    DS1302_R_Time                            0x080021f5   Thumb Code   160  ds1302.o(i.DS1302_R_Time)
    DS1302_Read                              0x08002299   Thumb Code   160  ds1302.o(i.DS1302_Read)
    DS1302_Set                               0x0800233d   Thumb Code   190  ds1302.o(i.DS1302_Set)
    DS1302_Time_Convert                      0x080023fd   Thumb Code   120  ds1302.o(i.DS1302_Time_Convert)
    DS1302_Time_Trans                        0x08002479   Thumb Code    38  ds1302.o(i.DS1302_Time_Trans)
    DS1302_W_Byte                            0x080024a5   Thumb Code    72  ds1302.o(i.DS1302_W_Byte)
    DS1302_W_Cmd                             0x080024f1   Thumb Code    92  ds1302.o(i.DS1302_W_Cmd)
    DS18B20_GetTemp_SkipRom                  0x08002551   Thumb Code    64  ds18b20.o(i.DS18B20_GetTemp_SkipRom)
    DS18B20_Init                             0x08002591   Thumb Code    32  ds18b20.o(i.DS18B20_Init)
    DebugMon_Handler                         0x0800275d   Thumb Code     2  stm32f1xx_it.o(i.DebugMon_Handler)
    Delay_ms                                 0x0800275f   Thumb Code    22  delay.o(i.Delay_ms)
    Delay_s                                  0x08002775   Thumb Code    22  delay.o(i.Delay_s)
    Delay_us                                 0x0800278b   Thumb Code    32  delay.o(i.Delay_us)
    EEPROM_ReadBytes                         0x080027ad   Thumb Code   108  eeprom.o(i.EEPROM_ReadBytes)
    EEPROM_WriteBytes                        0x08002819   Thumb Code   116  eeprom.o(i.EEPROM_WriteBytes)
    EXTI9_5_IRQHandler                       0x0800288d   Thumb Code    18  stm32f1xx_it.o(i.EXTI9_5_IRQHandler)
    EnCoder_Count                            0x0800289f   Thumb Code    40  function.o(i.EnCoder_Count)
    Encode_Get                               0x080028c9   Thumb Code    14  encoder.o(i.Encode_Get)
    Error_Handler                            0x080028dd   Thumb Code     4  main.o(i.Error_Handler)
    GetDistance                              0x080028e1   Thumb Code   126  hcsr04.o(i.GetDistance)
    GetICValue                               0x08002969   Thumb Code    24  ic.o(i.GetICValue)
    GetKeyNum                                0x08002985   Thumb Code   100  key.o(i.GetKeyNum)
    GetRxFlag                                0x080029ed   Thumb Code    20  serial.o(i.GetRxFlag)
    HAL_DMA_Abort                            0x08002a05   Thumb Code    70  stm32f1xx_hal_dma.o(i.HAL_DMA_Abort)
    HAL_DMA_Abort_IT                         0x08002a4d   Thumb Code   148  stm32f1xx_hal_dma.o(i.HAL_DMA_Abort_IT)
    HAL_DMA_IRQHandler                       0x08002ae5   Thumb Code   316  stm32f1xx_hal_dma.o(i.HAL_DMA_IRQHandler)
    HAL_DMA_Init                             0x08002c39   Thumb Code    84  stm32f1xx_hal_dma.o(i.HAL_DMA_Init)
    HAL_DMA_Start_IT                         0x08002c95   Thumb Code   112  stm32f1xx_hal_dma.o(i.HAL_DMA_Start_IT)
    HAL_GPIO_EXTI_Callback                   0x08002d05   Thumb Code    76  encoder.o(i.HAL_GPIO_EXTI_Callback)
    HAL_GPIO_EXTI_IRQHandler                 0x08002d59   Thumb Code    18  stm32f1xx_hal_gpio.o(i.HAL_GPIO_EXTI_IRQHandler)
    HAL_GPIO_Init                            0x08002d71   Thumb Code   418  stm32f1xx_hal_gpio.o(i.HAL_GPIO_Init)
    HAL_GPIO_ReadPin                         0x08002f31   Thumb Code    10  stm32f1xx_hal_gpio.o(i.HAL_GPIO_ReadPin)
    HAL_GPIO_TogglePin                       0x08002f3b   Thumb Code    16  stm32f1xx_hal_gpio.o(i.HAL_GPIO_TogglePin)
    HAL_GPIO_WritePin                        0x08002f4b   Thumb Code    10  stm32f1xx_hal_gpio.o(i.HAL_GPIO_WritePin)
    HAL_GetTick                              0x08002f55   Thumb Code     6  stm32f1xx_hal.o(i.HAL_GetTick)
    HAL_IncTick                              0x08002f61   Thumb Code    12  stm32f1xx_hal.o(i.HAL_IncTick)
    HAL_Init                                 0x08002f71   Thumb Code    32  stm32f1xx_hal.o(i.HAL_Init)
    HAL_InitTick                             0x08002f95   Thumb Code    54  stm32f1xx_hal.o(i.HAL_InitTick)
    HAL_MspInit                              0x08002fd5   Thumb Code    52  stm32f1xx_hal_msp.o(i.HAL_MspInit)
    HAL_NVIC_EnableIRQ                       0x08003011   Thumb Code    26  stm32f1xx_hal_cortex.o(i.HAL_NVIC_EnableIRQ)
    HAL_NVIC_SetPriority                     0x0800302d   Thumb Code    60  stm32f1xx_hal_cortex.o(i.HAL_NVIC_SetPriority)
    HAL_NVIC_SetPriorityGrouping             0x0800306d   Thumb Code    26  stm32f1xx_hal_cortex.o(i.HAL_NVIC_SetPriorityGrouping)
    HAL_RCC_ClockConfig                      0x08003091   Thumb Code   280  stm32f1xx_hal_rcc.o(i.HAL_RCC_ClockConfig)
    HAL_RCC_GetPCLK1Freq                     0x080031bd   Thumb Code    20  stm32f1xx_hal_rcc.o(i.HAL_RCC_GetPCLK1Freq)
    HAL_RCC_GetPCLK2Freq                     0x080031dd   Thumb Code    20  stm32f1xx_hal_rcc.o(i.HAL_RCC_GetPCLK2Freq)
    HAL_RCC_GetSysClockFreq                  0x080031fd   Thumb Code    74  stm32f1xx_hal_rcc.o(i.HAL_RCC_GetSysClockFreq)
    HAL_RCC_OscConfig                        0x08003269   Thumb Code   778  stm32f1xx_hal_rcc.o(i.HAL_RCC_OscConfig)
    HAL_SYSTICK_Config                       0x08003589   Thumb Code    40  stm32f1xx_hal_cortex.o(i.HAL_SYSTICK_Config)
    HAL_TIMEx_BreakCallback                  0x080035b1   Thumb Code     2  stm32f1xx_hal_tim_ex.o(i.HAL_TIMEx_BreakCallback)
    HAL_TIMEx_CommutCallback                 0x080035b3   Thumb Code     2  stm32f1xx_hal_tim_ex.o(i.HAL_TIMEx_CommutCallback)
    HAL_TIMEx_MasterConfigSynchronization    0x080035b5   Thumb Code    86  stm32f1xx_hal_tim_ex.o(i.HAL_TIMEx_MasterConfigSynchronization)
    HAL_TIM_Base_Init                        0x08003615   Thumb Code    90  stm32f1xx_hal_tim.o(i.HAL_TIM_Base_Init)
    HAL_TIM_Base_MspInit                     0x08003671   Thumb Code   144  tim.o(i.HAL_TIM_Base_MspInit)
    HAL_TIM_Base_Start_IT                    0x0800370d   Thumb Code    70  stm32f1xx_hal_tim.o(i.HAL_TIM_Base_Start_IT)
    HAL_TIM_ConfigClockSource                0x0800375d   Thumb Code   214  stm32f1xx_hal_tim.o(i.HAL_TIM_ConfigClockSource)
    HAL_TIM_IC_CaptureCallback               0x08003835   Thumb Code   156  ic.o(i.HAL_TIM_IC_CaptureCallback)
    HAL_TIM_IC_ConfigChannel                 0x080038dd   Thumb Code   270  stm32f1xx_hal_tim.o(i.HAL_TIM_IC_ConfigChannel)
    HAL_TIM_IC_Init                          0x080039eb   Thumb Code    90  stm32f1xx_hal_tim.o(i.HAL_TIM_IC_Init)
    HAL_TIM_IC_MspInit                       0x08003a45   Thumb Code    90  tim.o(i.HAL_TIM_IC_MspInit)
    HAL_TIM_IC_Start_IT                      0x08003aad   Thumb Code   206  stm32f1xx_hal_tim.o(i.HAL_TIM_IC_Start_IT)
    HAL_TIM_IRQHandler                       0x08003b85   Thumb Code   358  stm32f1xx_hal_tim.o(i.HAL_TIM_IRQHandler)
    HAL_TIM_OC_DelayElapsedCallback          0x08003ceb   Thumb Code     2  stm32f1xx_hal_tim.o(i.HAL_TIM_OC_DelayElapsedCallback)
    HAL_TIM_PWM_PulseFinishedCallback        0x08003ced   Thumb Code     2  stm32f1xx_hal_tim.o(i.HAL_TIM_PWM_PulseFinishedCallback)
    HAL_TIM_PeriodElapsedCallback            0x08003cf1   Thumb Code    24  hcsr04.o(i.HAL_TIM_PeriodElapsedCallback)
    HAL_TIM_TriggerCallback                  0x08003d11   Thumb Code     2  stm32f1xx_hal_tim.o(i.HAL_TIM_TriggerCallback)
    HAL_UARTEx_RxEventCallback               0x08003d13   Thumb Code     2  stm32f1xx_hal_uart.o(i.HAL_UARTEx_RxEventCallback)
    HAL_UART_DMAStop                         0x08003d15   Thumb Code    88  stm32f1xx_hal_uart.o(i.HAL_UART_DMAStop)
    HAL_UART_ErrorCallback                   0x08003d6d   Thumb Code     2  stm32f1xx_hal_uart.o(i.HAL_UART_ErrorCallback)
    HAL_UART_IRQHandler                      0x08003d71   Thumb Code   520  stm32f1xx_hal_uart.o(i.HAL_UART_IRQHandler)
    HAL_UART_Init                            0x08003f7d   Thumb Code    98  stm32f1xx_hal_uart.o(i.HAL_UART_Init)
    HAL_UART_MspInit                         0x08003fe1   Thumb Code   210  usart.o(i.HAL_UART_MspInit)
    HAL_UART_Receive_DMA                     0x080040c9   Thumb Code    42  stm32f1xx_hal_uart.o(i.HAL_UART_Receive_DMA)
    HAL_UART_RxCpltCallback                  0x080040f3   Thumb Code     2  stm32f1xx_hal_uart.o(i.HAL_UART_RxCpltCallback)
    HAL_UART_RxHalfCpltCallback              0x080040f5   Thumb Code     2  stm32f1xx_hal_uart.o(i.HAL_UART_RxHalfCpltCallback)
    HAL_UART_Transmit_DMA                    0x080040f9   Thumb Code   114  stm32f1xx_hal_uart.o(i.HAL_UART_Transmit_DMA)
    HAL_UART_TxCpltCallback                  0x08004179   Thumb Code     2  stm32f1xx_hal_uart.o(i.HAL_UART_TxCpltCallback)
    HAL_UART_TxHalfCpltCallback              0x0800417b   Thumb Code     2  stm32f1xx_hal_uart.o(i.HAL_UART_TxHalfCpltCallback)
    HC_SR04_Init                             0x0800417d   Thumb Code    30  hcsr04.o(i.HC_SR04_Init)
    HardFault_Handler                        0x080041a5   Thumb Code     2  stm32f1xx_it.o(i.HardFault_Handler)
    I2C_Ack                                  0x080041a9   Thumb Code    72  eeprom.o(i.I2C_Ack)
    I2C_Delay                                0x080041f5   Thumb Code    10  software_i2c.o(i.I2C_Delay)
    I2C_NAck                                 0x08004201   Thumb Code    58  eeprom.o(i.I2C_NAck)
    I2C_R_SDA                                0x08004241   Thumb Code    10  software_i2c.o(i.I2C_R_SDA)
    I2C_ReadByte                             0x08004251   Thumb Code    82  eeprom.o(i.I2C_ReadByte)
    I2C_SendByte                             0x080042a9   Thumb Code   104  eeprom.o(i.I2C_SendByte)
    I2C_Start                                0x08004315   Thumb Code    42  software_i2c.o(i.I2C_Start)
    I2C_Start_                               0x08004341   Thumb Code    70  eeprom.o(i.I2C_Start_)
    I2C_Stop                                 0x0800438d   Thumb Code    42  software_i2c.o(i.I2C_Stop)
    I2C_Stop_                                0x080043b9   Thumb Code    48  eeprom.o(i.I2C_Stop_)
    I2C_W_SCL                                0x080043ed   Thumb Code    20  software_i2c.o(i.I2C_W_SCL)
    I2C_W_SDA                                0x08004405   Thumb Code    20  software_i2c.o(i.I2C_W_SDA)
    I2C_WaitAck                              0x0800441d   Thumb Code    76  eeprom.o(i.I2C_WaitAck)
    I2C_Wait_Ack                             0x0800446d   Thumb Code    54  software_i2c.o(i.I2C_Wait_Ack)
    IC_Init                                  0x080044a5   Thumb Code    22  ic.o(i.IC_Init)
    KeepShow                                 0x080044c1   Thumb Code   476  function.o(i.KeepShow)
    LED1_Turn                                0x08004795   Thumb Code    10  led.o(i.LED1_Turn)
    MX_DMA_Init                              0x080047a5   Thumb Code    56  dma.o(i.MX_DMA_Init)
    MX_GPIO_Init                             0x080047e1   Thumb Code   258  gpio.o(i.MX_GPIO_Init)
    MX_TIM1_Init                             0x080048f5   Thumb Code   126  tim.o(i.MX_TIM1_Init)
    MX_TIM2_Init                             0x0800497d   Thumb Code   162  tim.o(i.MX_TIM2_Init)
    MX_TIM3_Init                             0x08004a25   Thumb Code    94  tim.o(i.MX_TIM3_Init)
    MX_USART1_UART_Init                      0x08004a8d   Thumb Code    48  usart.o(i.MX_USART1_UART_Init)
    MemManage_Handler                        0x08004ac5   Thumb Code     2  stm32f1xx_it.o(i.MemManage_Handler)
    Myprintf                                 0x08004ac9   Thumb Code    42  serial.o(i.Myprintf)
    NMI_Handler                              0x08004af9   Thumb Code     2  stm32f1xx_it.o(i.NMI_Handler)
    OLED_Clear                               0x08004afb   Thumb Code    40  ssd1306_oled.o(i.OLED_Clear)
    OLED_Init                                0x08004b23   Thumb Code   226  ssd1306_oled.o(i.OLED_Init)
    OLED_Set_Pos                             0x08004c05   Thumb Code    40  ssd1306_oled.o(i.OLED_Set_Pos)
    OLED_ShowChar                            0x08004c2d   Thumb Code   188  ssd1306_oled.o(i.OLED_ShowChar)
    OLED_ShowChinese                         0x08004cf1   Thumb Code    68  ssd1306_oled.o(i.OLED_ShowChinese)
    OLED_ShowFloatNum                        0x08004d35   Thumb Code   212  ssd1306_oled.o(i.OLED_ShowFloatNum)
    OLED_ShowNum                             0x08004e09   Thumb Code   100  ssd1306_oled.o(i.OLED_ShowNum)
    OLED_ShowString                          0x08004e6d   Thumb Code    54  ssd1306_oled.o(i.OLED_ShowString)
    OLED_Show_A_CHinese                      0x08004ea5   Thumb Code   304  ssd1306_oled.o(i.OLED_Show_A_CHinese)
    OLED_WR_Byte                             0x08004fdd   Thumb Code    12  ssd1306_oled.o(i.OLED_WR_Byte)
    OLED_WriteCommand                        0x08004fe9   Thumb Code    46  ssd1306_oled.o(i.OLED_WriteCommand)
    OLED_WritrDate                           0x08005017   Thumb Code    46  ssd1306_oled.o(i.OLED_WritrDate)
    Page2_AlarmInit                          0x08005045   Thumb Code   110  function.o(i.Page2_AlarmInit)
    Page2_TimeInit                           0x080050b9   Thumb Code   216  function.o(i.Page2_TimeInit)
    PendSV_Handler                           0x08005195   Thumb Code     2  stm32f1xx_it.o(i.PendSV_Handler)
    SVC_Handler                              0x08005197   Thumb Code     2  stm32f1xx_it.o(i.SVC_Handler)
    ScanDistance_cm                          0x08005199   Thumb Code    26  hcsr04.o(i.ScanDistance_cm)
    ScanDistance_m                           0x080051b9   Thumb Code    26  hcsr04.o(i.ScanDistance_m)
    SetTemp                                  0x080051d9   Thumb Code    62  function.o(i.SetTemp)
    StringTrans                              0x08005225   Thumb Code    42  serial.o(i.StringTrans)
    SysTick_Handler                          0x08005259   Thumb Code     4  stm32f1xx_it.o(i.SysTick_Handler)
    SystemClock_Config                       0x0800525d   Thumb Code    94  main.o(i.SystemClock_Config)
    SystemInit                               0x080052bb   Thumb Code     2  system_stm32f1xx.o(i.SystemInit)
    TIM1_CC_IRQHandler                       0x080052bd   Thumb Code     6  stm32f1xx_it.o(i.TIM1_CC_IRQHandler)
    TIM2_IRQHandler                          0x080052c9   Thumb Code     6  stm32f1xx_it.o(i.TIM2_IRQHandler)
    TIM3_IRQHandler                          0x080052d5   Thumb Code     6  stm32f1xx_it.o(i.TIM3_IRQHandler)
    TIM_Base_SetConfig                       0x080052e1   Thumb Code    84  stm32f1xx_hal_tim.o(i.TIM_Base_SetConfig)
    TIM_CCxChannelCmd                        0x0800533d   Thumb Code    26  stm32f1xx_hal_tim.o(i.TIM_CCxChannelCmd)
    TIM_ETR_SetConfig                        0x08005357   Thumb Code    20  stm32f1xx_hal_tim.o(i.TIM_ETR_SetConfig)
    TIM_TI1_SetConfig                        0x0800539d   Thumb Code    70  stm32f1xx_hal_tim.o(i.TIM_TI1_SetConfig)
    TimeLimite                               0x08005447   Thumb Code   134  function.o(i.TimeLimite)
    TimeSet                                  0x080054cd   Thumb Code    30  function.o(i.TimeSet)
    TimeShow                                 0x080054f1   Thumb Code    34  function.o(i.TimeShow)
    Turn_Show                                0x0800551d   Thumb Code  1304  function.o(i.Turn_Show)
    UART_Start_Receive_DMA                   0x08005d01   Thumb Code    98  stm32f1xx_hal_uart.o(i.UART_Start_Receive_DMA)
    USART1_IRQHandler                        0x08005d71   Thumb Code    96  serial.o(i.USART1_IRQHandler)
    USART1_Init                              0x08005de1   Thumb Code    50  serial.o(i.USART1_Init)
    USART1_TX_Wait                           0x08005e21   Thumb Code    24  serial.o(i.USART1_TX_Wait)
    UsageFault_Handler                       0x08005e3d   Thumb Code     2  stm32f1xx_it.o(i.UsageFault_Handler)
    WarningState                             0x08005e41   Thumb Code   118  function.o(i.WarningState)
    Write_I2C_Byte                           0x08005ee9   Thumb Code    54  software_i2c.o(i.Write_I2C_Byte)
    __ARM_fpclassify                         0x08005f1f   Thumb Code    40  fpclassify.o(i.__ARM_fpclassify)
    _is_digit                                0x08005f67   Thumb Code    14  __printf_wp.o(i._is_digit)
    ds1302_DATAINPUT_init                    0x08005f75   Thumb Code    46  ds1302.o(i.ds1302_DATAINPUT_init)
    ds1302_DATAOUT_init                      0x08005fad   Thumb Code    70  ds1302.o(i.ds1302_DATAOUT_init)
    main                                     0x08005ffd   Thumb Code   302  main.o(i.main)
    oled_pow                                 0x08006155   Thumb Code    16  ssd1306_oled.o(i.oled_pow)
    _get_lc_numeric                          0x08006165   Thumb Code    44  lc_numeric_c.o(locale$$code)
    _get_lc_ctype                            0x08006191   Thumb Code    44  lc_ctype_c.o(locale$$code)
    __aeabi_d2f                              0x080061bd   Thumb Code     0  d2f.o(x$fpl$d2f)
    _d2f                                     0x080061bd   Thumb Code    98  d2f.o(x$fpl$d2f)
    __aeabi_dadd                             0x08006221   Thumb Code     0  daddsub_clz.o(x$fpl$dadd)
    _dadd                                    0x08006221   Thumb Code   332  daddsub_clz.o(x$fpl$dadd)
    __aeabi_ddiv                             0x08006371   Thumb Code     0  ddiv.o(x$fpl$ddiv)
    _ddiv                                    0x08006371   Thumb Code   552  ddiv.o(x$fpl$ddiv)
    __aeabi_i2d                              0x08006621   Thumb Code     0  dflt_clz.o(x$fpl$dflt)
    _dflt                                    0x08006621   Thumb Code    46  dflt_clz.o(x$fpl$dflt)
    __aeabi_dmul                             0x08006651   Thumb Code     0  dmul.o(x$fpl$dmul)
    _dmul                                    0x08006651   Thumb Code   332  dmul.o(x$fpl$dmul)
    __fpl_dnaninf                            0x080067a5   Thumb Code   156  dnaninf.o(x$fpl$dnaninf)
    __fpl_dretinf                            0x08006841   Thumb Code    12  dretinf.o(x$fpl$dretinf)
    __aeabi_dsub                             0x0800684d   Thumb Code     0  daddsub_clz.o(x$fpl$dsub)
    _dsub                                    0x0800684d   Thumb Code   464  daddsub_clz.o(x$fpl$dsub)
    __aeabi_f2d                              0x08006a21   Thumb Code     0  f2d.o(x$fpl$f2d)
    _f2d                                     0x08006a21   Thumb Code    86  f2d.o(x$fpl$f2d)
    __aeabi_fadd                             0x08006a79   Thumb Code     0  faddsub_clz.o(x$fpl$fadd)
    _fadd                                    0x08006a79   Thumb Code   196  faddsub_clz.o(x$fpl$fadd)
    __fpl_fcheck_NaN1                        0x08006b3d   Thumb Code     6  fcheck1.o(x$fpl$fcheck1)
    __fpl_fcmp_Inf                           0x08006b49   Thumb Code    24  fcmpi.o(x$fpl$fcmpinf)
    __aeabi_f2iz                             0x08006b61   Thumb Code     0  ffix.o(x$fpl$ffix)
    _ffix                                    0x08006b61   Thumb Code    54  ffix.o(x$fpl$ffix)
    __aeabi_f2uiz                            0x08006b99   Thumb Code     0  ffixu.o(x$fpl$ffixu)
    _ffixu                                   0x08006b99   Thumb Code    62  ffixu.o(x$fpl$ffixu)
    __aeabi_i2f                              0x08006bd9   Thumb Code     0  fflt_clz.o(x$fpl$fflt)
    _fflt                                    0x08006bd9   Thumb Code    48  fflt_clz.o(x$fpl$fflt)
    __aeabi_ui2f                             0x08006c09   Thumb Code     0  fflt_clz.o(x$fpl$ffltu)
    _ffltu                                   0x08006c09   Thumb Code    38  fflt_clz.o(x$fpl$ffltu)
    __aeabi_cfcmple                          0x08006c31   Thumb Code     0  fleqf.o(x$fpl$fleqf)
    _fcmple                                  0x08006c31   Thumb Code   104  fleqf.o(x$fpl$fleqf)
    __fpl_fcmple_InfNaN                      0x08006c83   Thumb Code     0  fleqf.o(x$fpl$fleqf)
    __aeabi_fmul                             0x08006c99   Thumb Code     0  fmul.o(x$fpl$fmul)
    _fmul                                    0x08006c99   Thumb Code   258  fmul.o(x$fpl$fmul)
    __fpl_fnaninf                            0x08006d9b   Thumb Code   140  fnaninf.o(x$fpl$fnaninf)
    __fpl_fretinf                            0x08006e27   Thumb Code    10  fretinf.o(x$fpl$fretinf)
    __aeabi_frsub                            0x08006e31   Thumb Code     0  faddsub_clz.o(x$fpl$frsb)
    _frsb                                    0x08006e31   Thumb Code    20  faddsub_clz.o(x$fpl$frsb)
    __aeabi_fsub                             0x08006e45   Thumb Code     0  faddsub_clz.o(x$fpl$fsub)
    _fsub                                    0x08006e45   Thumb Code   234  faddsub_clz.o(x$fpl$fsub)
    _printf_fp_dec                           0x08006f2f   Thumb Code     4  printf1.o(x$fpl$printf1)
    _printf_fp_hex                           0x08006f33   Thumb Code     4  printf2.o(x$fpl$printf2)
    __fpl_return_NaN                         0x08006f37   Thumb Code   100  retnan.o(x$fpl$retnan)
    __ARM_scalbnf                            0x08006f9b   Thumb Code    76  scalbnf.o(x$fpl$scalbnf)
    __fpl_cmpreturn                          0x08006fe7   Thumb Code    48  trapv.o(x$fpl$trapveneer)
    AHBPrescTable                            0x08007016   Data          16  system_stm32f1xx.o(.constdata)
    __I$use$fp                               0x08007016   Number         0  usenofp.o(x$fpl$usenofp)
    APBPrescTable                            0x08007026   Data           8  system_stm32f1xx.o(.constdata)
    F6x8                                     0x0800702e   Data         546  ssd1306_oled.o(.constdata)
    F8X16                                    0x08007250   Data        1520  ssd1306_oled.o(.constdata)
    Chinese_16                               0x08007840   Data         340  ssd1306_oled.o(.constdata)
    Chinese_1602                             0x08007994   Data         204  ssd1306_oled.o(.constdata)
    Chinese_Bold16                           0x08007a60   Data         306  ssd1306_oled.o(.constdata)
    Region$$Table$$Base                      0x08007c90   Number         0  anon$$obj.o(Region$$Table)
    Region$$Table$$Limit                     0x08007cb0   Number         0  anon$$obj.o(Region$$Table)
    __ctype                                  0x08007cd9   Data           0  lc_ctype_c.o(locale$$data)
    ShowFlag                                 0x20000000   Data           4  main.o(.data)
    uwTickFreq                               0x20000004   Data           1  stm32f1xx_hal.o(.data)
    uwTickPrio                               0x20000008   Data           4  stm32f1xx_hal.o(.data)
    uwTick                                   0x2000000c   Data           4  stm32f1xx_hal.o(.data)
    SystemCoreClock                          0x20000010   Data           4  system_stm32f1xx.o(.data)
    Distance                                 0x20000018   Data           4  hcsr04.o(.data)
    time                                     0x20000020   Data           8  hcsr04.o(.data)
    time_end                                 0x20000028   Data           8  hcsr04.o(.data)
    Encoder_Count                            0x20000030   Data           2  encoder.o(.data)
    DS1302_time                              0x20000032   Data           6  ds1302.o(.data)
    DS1302_DATA_1                            0x20000038   Data           6  ds1302.o(.data)
    DS1302_DATA_2                            0x2000003e   Data           6  ds1302.o(.data)
    DS1302_Time                              0x20000044   Data           8  ds1302.o(.data)
    AlarmFlag                                0x2000004c   Data           1  function.o(.data)
    WriteFlag                                0x2000004d   Data           1  function.o(.data)
    RxFlag                                   0x2000004e   Data           1  function.o(.data)
    ICFlag                                   0x2000004f   Data           1  function.o(.data)
    WarningTemp                              0x20000054   Data           4  function.o(.data)
    Tempreture                               0x20000058   Data           4  function.o(.data)
    Duty                                     0x2000005c   Data           4  function.o(.data)
    Freq                                     0x20000060   Data           4  function.o(.data)
    SetTimeData                              0x20000064   Data           6  function.o(.data)
    AlarmTime                                0x2000006a   Data           6  function.o(.data)
    capture_Cnt                              0x20000070   Data           1  ic.o(.data)
    duty_cycle                               0x20000074   Data           4  ic.o(.data)
    frequency                                0x20000078   Data           4  ic.o(.data)
    USART1_TX_FLAG                           0x2000007c   Data           1  serial.o(.data)
    WhichBufIsReady                          0x2000007d   Data           1  serial.o(.data)
    Rxflag                                   0x2000007e   Data           1  serial.o(.data)
    RxData                                   0x20000080   Data           4  serial.o(.data)
    p_IsToReceive                            0x20000084   Data           4  serial.o(.data)
    data_length                              0x20000088   Data           4  serial.o(.data)
    RxTime                                   0x2000008c   Data           6  serial.o(.data)
    htim1                                    0x20000094   Data          72  tim.o(.bss)
    htim2                                    0x200000dc   Data          72  tim.o(.bss)
    htim3                                    0x20000124   Data          72  tim.o(.bss)
    huart1                                   0x2000016c   Data          68  usart.o(.bss)
    hdma_usart1_rx                           0x200001b0   Data          68  usart.o(.bss)
    hdma_usart1_tx                           0x200001f4   Data          68  usart.o(.bss)
    TimeInitData1                            0x20000238   Data          11  function.o(.bss)
    TimeInitData2                            0x20000243   Data           9  function.o(.bss)
    ArlarmInitData                           0x2000024c   Data           9  function.o(.bss)
    capture_Buf                              0x20000258   Data          16  ic.o(.bss)
    capture_Buf1                             0x20000268   Data          16  ic.o(.bss)
    USART1_TX_BUF                            0x20000278   Data         512  serial.o(.bss)
    u1rxbuf                                  0x20000478   Data         256  serial.o(.bss)
    u2rxbuf                                  0x20000578   Data         256  serial.o(.bss)
    __libspace_start                         0x20000678   Data          96  libspace.o(.bss)
    __temporary_stack_top$libspace           0x200006d8   Data           0  libspace.o(.bss)



==============================================================================

Memory Map of the image

  Image Entry point : 0x080000ed

  Load Region LR_IROM1 (Base: 0x08000000, Size: 0x00007e70, Max: 0x00008000, ABSOLUTE)

    Execution Region ER_IROM1 (Exec base: 0x08000000, Load base: 0x08000000, Size: 0x00007ddc, Max: 0x00008000, ABSOLUTE)

    Exec Addr    Load Addr    Size         Type   Attr      Idx    E Section Name        Object

    0x08000000   0x08000000   0x000000ec   Data   RO            3    RESET               startup_stm32f103x6.o
    0x080000ec   0x080000ec   0x00000008   Code   RO         4142  * !!!main             c_w.l(__main.o)
    0x080000f4   0x080000f4   0x00000034   Code   RO         4539    !!!scatter          c_w.l(__scatter.o)
    0x08000128   0x08000128   0x0000001a   Code   RO         4541    !!handler_copy      c_w.l(__scatter_copy.o)
    0x08000142   0x08000142   0x00000002   PAD
    0x08000144   0x08000144   0x0000001c   Code   RO         4543    !!handler_zi        c_w.l(__scatter_zi.o)
    0x08000160   0x08000160   0x00000000   Code   RO         4280    .ARM.Collect$$_printf_percent$$00000000  c_w.l(_printf_percent.o)
    0x08000160   0x08000160   0x00000006   Code   RO         4269    .ARM.Collect$$_printf_percent$$00000001  c_w.l(_printf_n.o)
    0x08000166   0x08000166   0x00000006   Code   RO         4271    .ARM.Collect$$_printf_percent$$00000002  c_w.l(_printf_p.o)
    0x0800016c   0x0800016c   0x00000006   Code   RO         4276    .ARM.Collect$$_printf_percent$$00000003  c_w.l(_printf_f.o)
    0x08000172   0x08000172   0x00000006   Code   RO         4277    .ARM.Collect$$_printf_percent$$00000004  c_w.l(_printf_e.o)
    0x08000178   0x08000178   0x00000006   Code   RO         4278    .ARM.Collect$$_printf_percent$$00000005  c_w.l(_printf_g.o)
    0x0800017e   0x0800017e   0x00000006   Code   RO         4279    .ARM.Collect$$_printf_percent$$00000006  c_w.l(_printf_a.o)
    0x08000184   0x08000184   0x0000000a   Code   RO         4284    .ARM.Collect$$_printf_percent$$00000007  c_w.l(_printf_ll.o)
    0x0800018e   0x0800018e   0x00000006   Code   RO         4273    .ARM.Collect$$_printf_percent$$00000008  c_w.l(_printf_i.o)
    0x08000194   0x08000194   0x00000006   Code   RO         4274    .ARM.Collect$$_printf_percent$$00000009  c_w.l(_printf_d.o)
    0x0800019a   0x0800019a   0x00000006   Code   RO         4275    .ARM.Collect$$_printf_percent$$0000000A  c_w.l(_printf_u.o)
    0x080001a0   0x080001a0   0x00000006   Code   RO         4272    .ARM.Collect$$_printf_percent$$0000000B  c_w.l(_printf_o.o)
    0x080001a6   0x080001a6   0x00000006   Code   RO         4270    .ARM.Collect$$_printf_percent$$0000000C  c_w.l(_printf_x.o)
    0x080001ac   0x080001ac   0x00000006   Code   RO         4281    .ARM.Collect$$_printf_percent$$0000000D  c_w.l(_printf_lli.o)
    0x080001b2   0x080001b2   0x00000006   Code   RO         4282    .ARM.Collect$$_printf_percent$$0000000E  c_w.l(_printf_lld.o)
    0x080001b8   0x080001b8   0x00000006   Code   RO         4283    .ARM.Collect$$_printf_percent$$0000000F  c_w.l(_printf_llu.o)
    0x080001be   0x080001be   0x00000006   Code   RO         4288    .ARM.Collect$$_printf_percent$$00000010  c_w.l(_printf_llo.o)
    0x080001c4   0x080001c4   0x00000006   Code   RO         4289    .ARM.Collect$$_printf_percent$$00000011  c_w.l(_printf_llx.o)
    0x080001ca   0x080001ca   0x0000000a   Code   RO         4285    .ARM.Collect$$_printf_percent$$00000012  c_w.l(_printf_l.o)
    0x080001d4   0x080001d4   0x00000006   Code   RO         4267    .ARM.Collect$$_printf_percent$$00000013  c_w.l(_printf_c.o)
    0x080001da   0x080001da   0x00000006   Code   RO         4268    .ARM.Collect$$_printf_percent$$00000014  c_w.l(_printf_s.o)
    0x080001e0   0x080001e0   0x00000006   Code   RO         4286    .ARM.Collect$$_printf_percent$$00000015  c_w.l(_printf_lc.o)
    0x080001e6   0x080001e6   0x00000006   Code   RO         4287    .ARM.Collect$$_printf_percent$$00000016  c_w.l(_printf_ls.o)
    0x080001ec   0x080001ec   0x00000004   Code   RO         4343    .ARM.Collect$$_printf_percent$$00000017  c_w.l(_printf_percent_end.o)
    0x080001f0   0x080001f0   0x00000002   Code   RO         4398    .ARM.Collect$$libinit$$00000000  c_w.l(libinit.o)
    0x080001f2   0x080001f2   0x00000000   Code   RO         4422    .ARM.Collect$$libinit$$00000002  c_w.l(libinit2.o)
    0x080001f2   0x080001f2   0x00000000   Code   RO         4424    .ARM.Collect$$libinit$$00000004  c_w.l(libinit2.o)
    0x080001f2   0x080001f2   0x00000000   Code   RO         4427    .ARM.Collect$$libinit$$0000000A  c_w.l(libinit2.o)
    0x080001f2   0x080001f2   0x00000000   Code   RO         4429    .ARM.Collect$$libinit$$0000000C  c_w.l(libinit2.o)
    0x080001f2   0x080001f2   0x00000000   Code   RO         4431    .ARM.Collect$$libinit$$0000000E  c_w.l(libinit2.o)
    0x080001f2   0x080001f2   0x00000006   Code   RO         4432    .ARM.Collect$$libinit$$0000000F  c_w.l(libinit2.o)
    0x080001f8   0x080001f8   0x00000000   Code   RO         4434    .ARM.Collect$$libinit$$00000011  c_w.l(libinit2.o)
    0x080001f8   0x080001f8   0x0000000c   Code   RO         4435    .ARM.Collect$$libinit$$00000012  c_w.l(libinit2.o)
    0x08000204   0x08000204   0x00000000   Code   RO         4436    .ARM.Collect$$libinit$$00000013  c_w.l(libinit2.o)
    0x08000204   0x08000204   0x00000000   Code   RO         4438    .ARM.Collect$$libinit$$00000015  c_w.l(libinit2.o)
    0x08000204   0x08000204   0x0000000a   Code   RO         4439    .ARM.Collect$$libinit$$00000016  c_w.l(libinit2.o)
    0x0800020e   0x0800020e   0x00000000   Code   RO         4440    .ARM.Collect$$libinit$$00000017  c_w.l(libinit2.o)
    0x0800020e   0x0800020e   0x00000000   Code   RO         4442    .ARM.Collect$$libinit$$00000019  c_w.l(libinit2.o)
    0x0800020e   0x0800020e   0x00000000   Code   RO         4444    .ARM.Collect$$libinit$$0000001B  c_w.l(libinit2.o)
    0x0800020e   0x0800020e   0x00000000   Code   RO         4446    .ARM.Collect$$libinit$$0000001D  c_w.l(libinit2.o)
    0x0800020e   0x0800020e   0x00000000   Code   RO         4448    .ARM.Collect$$libinit$$0000001F  c_w.l(libinit2.o)
    0x0800020e   0x0800020e   0x00000000   Code   RO         4450    .ARM.Collect$$libinit$$00000021  c_w.l(libinit2.o)
    0x0800020e   0x0800020e   0x00000000   Code   RO         4452    .ARM.Collect$$libinit$$00000023  c_w.l(libinit2.o)
    0x0800020e   0x0800020e   0x00000000   Code   RO         4454    .ARM.Collect$$libinit$$00000025  c_w.l(libinit2.o)
    0x0800020e   0x0800020e   0x00000000   Code   RO         4458    .ARM.Collect$$libinit$$0000002C  c_w.l(libinit2.o)
    0x0800020e   0x0800020e   0x00000000   Code   RO         4460    .ARM.Collect$$libinit$$0000002E  c_w.l(libinit2.o)
    0x0800020e   0x0800020e   0x00000000   Code   RO         4462    .ARM.Collect$$libinit$$00000030  c_w.l(libinit2.o)
    0x0800020e   0x0800020e   0x00000000   Code   RO         4464    .ARM.Collect$$libinit$$00000032  c_w.l(libinit2.o)
    0x0800020e   0x0800020e   0x00000002   Code   RO         4465    .ARM.Collect$$libinit$$00000033  c_w.l(libinit2.o)
    0x08000210   0x08000210   0x00000002   Code   RO         4496    .ARM.Collect$$libshutdown$$00000000  c_w.l(libshutdown.o)
    0x08000212   0x08000212   0x00000000   Code   RO         4522    .ARM.Collect$$libshutdown$$00000002  c_w.l(libshutdown2.o)
    0x08000212   0x08000212   0x00000000   Code   RO         4524    .ARM.Collect$$libshutdown$$00000004  c_w.l(libshutdown2.o)
    0x08000212   0x08000212   0x00000000   Code   RO         4527    .ARM.Collect$$libshutdown$$00000007  c_w.l(libshutdown2.o)
    0x08000212   0x08000212   0x00000000   Code   RO         4530    .ARM.Collect$$libshutdown$$0000000A  c_w.l(libshutdown2.o)
    0x08000212   0x08000212   0x00000000   Code   RO         4532    .ARM.Collect$$libshutdown$$0000000C  c_w.l(libshutdown2.o)
    0x08000212   0x08000212   0x00000000   Code   RO         4535    .ARM.Collect$$libshutdown$$0000000F  c_w.l(libshutdown2.o)
    0x08000212   0x08000212   0x00000002   Code   RO         4536    .ARM.Collect$$libshutdown$$00000010  c_w.l(libshutdown2.o)
    0x08000214   0x08000214   0x00000000   Code   RO         4192    .ARM.Collect$$rtentry$$00000000  c_w.l(__rtentry.o)
    0x08000214   0x08000214   0x00000000   Code   RO         4312    .ARM.Collect$$rtentry$$00000002  c_w.l(__rtentry2.o)
    0x08000214   0x08000214   0x00000006   Code   RO         4324    .ARM.Collect$$rtentry$$00000004  c_w.l(__rtentry4.o)
    0x0800021a   0x0800021a   0x00000000   Code   RO         4314    .ARM.Collect$$rtentry$$00000009  c_w.l(__rtentry2.o)
    0x0800021a   0x0800021a   0x00000004   Code   RO         4315    .ARM.Collect$$rtentry$$0000000A  c_w.l(__rtentry2.o)
    0x0800021e   0x0800021e   0x00000000   Code   RO         4317    .ARM.Collect$$rtentry$$0000000C  c_w.l(__rtentry2.o)
    0x0800021e   0x0800021e   0x00000008   Code   RO         4318    .ARM.Collect$$rtentry$$0000000D  c_w.l(__rtentry2.o)
    0x08000226   0x08000226   0x00000002   Code   RO         4408    .ARM.Collect$$rtexit$$00000000  c_w.l(rtexit.o)
    0x08000228   0x08000228   0x00000000   Code   RO         4469    .ARM.Collect$$rtexit$$00000002  c_w.l(rtexit2.o)
    0x08000228   0x08000228   0x00000004   Code   RO         4470    .ARM.Collect$$rtexit$$00000003  c_w.l(rtexit2.o)
    0x0800022c   0x0800022c   0x00000006   Code   RO         4471    .ARM.Collect$$rtexit$$00000004  c_w.l(rtexit2.o)
    0x08000232   0x08000232   0x00000002   PAD
    0x08000234   0x08000234   0x00000040   Code   RO            4    .text               startup_stm32f103x6.o
    0x08000274   0x08000274   0x000000ee   Code   RO         4128    .text               c_w.l(lludivv7m.o)
    0x08000362   0x08000362   0x00000002   PAD
    0x08000364   0x08000364   0x00000034   Code   RO         4132    .text               c_w.l(vsnprintf.o)
    0x08000398   0x08000398   0x0000003e   Code   RO         4134    .text               c_w.l(strlen.o)
    0x080003d6   0x080003d6   0x00000044   Code   RO         4136    .text               c_w.l(rt_memclr.o)
    0x0800041a   0x0800041a   0x0000004e   Code   RO         4138    .text               c_w.l(rt_memclr_w.o)
    0x08000468   0x08000468   0x00000006   Code   RO         4140    .text               c_w.l(heapauxi.o)
    0x0800046e   0x0800046e   0x0000004e   Code   RO         4199    .text               c_w.l(_printf_pad.o)
    0x080004bc   0x080004bc   0x00000024   Code   RO         4201    .text               c_w.l(_printf_truncate.o)
    0x080004e0   0x080004e0   0x00000052   Code   RO         4203    .text               c_w.l(_printf_str.o)
    0x08000532   0x08000532   0x00000002   PAD
    0x08000534   0x08000534   0x00000078   Code   RO         4205    .text               c_w.l(_printf_dec.o)
    0x080005ac   0x080005ac   0x00000028   Code   RO         4207    .text               c_w.l(_printf_charcount.o)
    0x080005d4   0x080005d4   0x00000030   Code   RO         4209    .text               c_w.l(_printf_char_common.o)
    0x08000604   0x08000604   0x0000000a   Code   RO         4211    .text               c_w.l(_sputc.o)
    0x0800060e   0x0800060e   0x00000010   Code   RO         4213    .text               c_w.l(_snputc.o)
    0x0800061e   0x0800061e   0x00000002   PAD
    0x08000620   0x08000620   0x000000bc   Code   RO         4215    .text               c_w.l(_printf_wctomb.o)
    0x080006dc   0x080006dc   0x0000007c   Code   RO         4218    .text               c_w.l(_printf_longlong_dec.o)
    0x08000758   0x08000758   0x00000070   Code   RO         4224    .text               c_w.l(_printf_oct_int_ll.o)
    0x080007c8   0x080007c8   0x00000094   Code   RO         4244    .text               c_w.l(_printf_hex_int_ll_ptr.o)
    0x0800085c   0x0800085c   0x00000188   Code   RO         4264    .text               c_w.l(__printf_flags_ss_wp.o)
    0x080009e4   0x080009e4   0x0000008a   Code   RO         4328    .text               c_w.l(lludiv10.o)
    0x08000a6e   0x08000a6e   0x000000b2   Code   RO         4330    .text               c_w.l(_printf_intcommon.o)
    0x08000b20   0x08000b20   0x0000041e   Code   RO         4332    .text               c_w.l(_printf_fp_dec.o)
    0x08000f3e   0x08000f3e   0x00000002   PAD
    0x08000f40   0x08000f40   0x000002fc   Code   RO         4334    .text               c_w.l(_printf_fp_hex.o)
    0x0800123c   0x0800123c   0x0000002c   Code   RO         4339    .text               c_w.l(_printf_char.o)
    0x08001268   0x08001268   0x0000002c   Code   RO         4341    .text               c_w.l(_printf_wchar.o)
    0x08001294   0x08001294   0x00000040   Code   RO         4344    .text               c_w.l(_wcrtomb.o)
    0x080012d4   0x080012d4   0x0000004a   Code   RO         4348    .text               c_w.l(sys_stackheap_outer.o)
    0x0800131e   0x0800131e   0x00000002   PAD
    0x08001320   0x08001320   0x00000010   Code   RO         4350    .text               c_w.l(rt_ctype_table.o)
    0x08001330   0x08001330   0x00000008   Code   RO         4355    .text               c_w.l(rt_locale_intlibspace.o)
    0x08001338   0x08001338   0x00000080   Code   RO         4357    .text               c_w.l(_printf_fp_infnan.o)
    0x080013b8   0x080013b8   0x000000e4   Code   RO         4359    .text               c_w.l(bigflt0.o)
    0x0800149c   0x0800149c   0x00000012   Code   RO         4387    .text               c_w.l(exit.o)
    0x080014ae   0x080014ae   0x00000002   PAD
    0x080014b0   0x080014b0   0x00000008   Code   RO         4405    .text               c_w.l(libspace.o)
    0x080014b8   0x080014b8   0x00000080   Code   RO         4419    .text               c_w.l(strcmpv7m.o)
    0x08001538   0x08001538   0x0000000c   Code   RO         4466    .text               c_w.l(sys_exit.o)
    0x08001544   0x08001544   0x00000002   Code   RO         4485    .text               c_w.l(use_no_semi.o)
    0x08001546   0x08001546   0x00000000   Code   RO         4487    .text               c_w.l(indicate_semi.o)
    0x08001546   0x08001546   0x0000003e   Code   RO         4362    CL$$btod_d2e        c_w.l(btod.o)
    0x08001584   0x08001584   0x00000046   Code   RO         4364    CL$$btod_d2e_denorm_low  c_w.l(btod.o)
    0x080015ca   0x080015ca   0x00000060   Code   RO         4363    CL$$btod_d2e_norm_op1  c_w.l(btod.o)
    0x0800162a   0x0800162a   0x00000338   Code   RO         4372    CL$$btod_div_common  c_w.l(btod.o)
    0x08001962   0x08001962   0x000000dc   Code   RO         4369    CL$$btod_e2e        c_w.l(btod.o)
    0x08001a3e   0x08001a3e   0x0000002a   Code   RO         4366    CL$$btod_ediv       c_w.l(btod.o)
    0x08001a68   0x08001a68   0x0000002a   Code   RO         4365    CL$$btod_emul       c_w.l(btod.o)
    0x08001a92   0x08001a92   0x00000244   Code   RO         4371    CL$$btod_mult_common  c_w.l(btod.o)
    0x08001cd6   0x08001cd6   0x00000002   PAD
    0x08001cd8   0x08001cd8   0x00000028   Code   RO         3564    i.AlarmSet          function.o
    0x08001d00   0x08001d00   0x00000002   Code   RO          529    i.BusFault_Handler  stm32f1xx_it.o
    0x08001d02   0x08001d02   0x00000002   PAD
    0x08001d04   0x08001d04   0x00000010   Code   RO         3869    i.Buzzer_OFF        led.o
    0x08001d14   0x08001d14   0x00000010   Code   RO         3870    i.Buzzer_ON         led.o
    0x08001d24   0x08001d24   0x00000038   Code   RO         3565    i.ChangeIC_Channel  function.o
    0x08001d5c   0x08001d5c   0x00000270   Code   RO         3566    i.ChangeShow        function.o
    0x08001fcc   0x08001fcc   0x00000184   Code   RO         3567    i.ConfirmData       function.o
    0x08002150   0x08002150   0x0000000c   Code   RO          530    i.DMA1_Channel4_IRQHandler  stm32f1xx_it.o
    0x0800215c   0x0800215c   0x00000044   Code   RO         4042    i.DMA1_Channel5_IRQHandler  serial.o
    0x080021a0   0x080021a0   0x0000002a   Code   RO         2046    i.DMA_SetConfig     stm32f1xx_hal_dma.o
    0x080021ca   0x080021ca   0x00000002   PAD
    0x080021cc   0x080021cc   0x00000028   Code   RO         4043    i.DMA_USART1_Tx_Data  serial.o
    0x080021f4   0x080021f4   0x000000a4   Code   RO         3402    i.DS1302_R_Time     ds1302.o
    0x08002298   0x08002298   0x000000a4   Code   RO         3403    i.DS1302_Read       ds1302.o
    0x0800233c   0x0800233c   0x000000be   Code   RO         3404    i.DS1302_Set        ds1302.o
    0x080023fa   0x080023fa   0x00000002   PAD
    0x080023fc   0x080023fc   0x0000007c   Code   RO         3405    i.DS1302_Time_Convert  ds1302.o
    0x08002478   0x08002478   0x0000002c   Code   RO         3406    i.DS1302_Time_Trans  ds1302.o
    0x080024a4   0x080024a4   0x0000004c   Code   RO         3407    i.DS1302_W_Byte     ds1302.o
    0x080024f0   0x080024f0   0x00000060   Code   RO         3408    i.DS1302_W_Cmd      ds1302.o
    0x08002550   0x08002550   0x00000040   Code   RO         3709    i.DS18B20_GetTemp_SkipRom  ds18b20.o
    0x08002590   0x08002590   0x00000024   Code   RO         3710    i.DS18B20_Init      ds18b20.o
    0x080025b4   0x080025b4   0x0000001c   Code   RO         3712    i.DS18B20_Mode_IN_NP  ds18b20.o
    0x080025d0   0x080025d0   0x00000020   Code   RO         3713    i.DS18B20_Mode_OUT_PP  ds18b20.o
    0x080025f0   0x080025f0   0x0000005c   Code   RO         3714    i.DS18B20_Presence  ds18b20.o
    0x0800264c   0x0800264c   0x0000005c   Code   RO         3715    i.DS18B20_ReadByte  ds18b20.o
    0x080026a8   0x080026a8   0x00000038   Code   RO         3717    i.DS18B20_Reset     ds18b20.o
    0x080026e0   0x080026e0   0x00000014   Code   RO         3718    i.DS18B20_SkipRom   ds18b20.o
    0x080026f4   0x080026f4   0x00000068   Code   RO         3719    i.DS18B20_WriteByte  ds18b20.o
    0x0800275c   0x0800275c   0x00000002   Code   RO          531    i.DebugMon_Handler  stm32f1xx_it.o
    0x0800275e   0x0800275e   0x00000016   Code   RO         3267    i.Delay_ms          delay.o
    0x08002774   0x08002774   0x00000016   Code   RO         3268    i.Delay_s           delay.o
    0x0800278a   0x0800278a   0x00000020   Code   RO         3269    i.Delay_us          delay.o
    0x080027aa   0x080027aa   0x00000002   PAD
    0x080027ac   0x080027ac   0x0000006c   Code   RO         3952    i.EEPROM_ReadBytes  eeprom.o
    0x08002818   0x08002818   0x00000074   Code   RO         3953    i.EEPROM_WriteBytes  eeprom.o
    0x0800288c   0x0800288c   0x00000012   Code   RO          532    i.EXTI9_5_IRQHandler  stm32f1xx_it.o
    0x0800289e   0x0800289e   0x00000028   Code   RO         3568    i.EnCoder_Count     function.o
    0x080028c6   0x080028c6   0x00000002   PAD
    0x080028c8   0x080028c8   0x00000014   Code   RO         3369    i.Encode_Get        encoder.o
    0x080028dc   0x080028dc   0x00000004   Code   RO           13    i.Error_Handler     main.o
    0x080028e0   0x080028e0   0x00000088   Code   RO         3302    i.GetDistance       hcsr04.o
    0x08002968   0x08002968   0x0000001c   Code   RO         3796    i.GetICValue        ic.o
    0x08002984   0x08002984   0x00000068   Code   RO         3845    i.GetKeyNum         key.o
    0x080029ec   0x080029ec   0x00000018   Code   RO         4044    i.GetRxFlag         serial.o
    0x08002a04   0x08002a04   0x00000046   Code   RO         2047    i.HAL_DMA_Abort     stm32f1xx_hal_dma.o
    0x08002a4a   0x08002a4a   0x00000002   PAD
    0x08002a4c   0x08002a4c   0x00000098   Code   RO         2048    i.HAL_DMA_Abort_IT  stm32f1xx_hal_dma.o
    0x08002ae4   0x08002ae4   0x00000154   Code   RO         2052    i.HAL_DMA_IRQHandler  stm32f1xx_hal_dma.o
    0x08002c38   0x08002c38   0x0000005c   Code   RO         2053    i.HAL_DMA_Init      stm32f1xx_hal_dma.o
    0x08002c94   0x08002c94   0x00000070   Code   RO         2057    i.HAL_DMA_Start_IT  stm32f1xx_hal_dma.o
    0x08002d04   0x08002d04   0x00000054   Code   RO         3370    i.HAL_GPIO_EXTI_Callback  encoder.o
    0x08002d58   0x08002d58   0x00000018   Code   RO         1982    i.HAL_GPIO_EXTI_IRQHandler  stm32f1xx_hal_gpio.o
    0x08002d70   0x08002d70   0x000001c0   Code   RO         1983    i.HAL_GPIO_Init     stm32f1xx_hal_gpio.o
    0x08002f30   0x08002f30   0x0000000a   Code   RO         1985    i.HAL_GPIO_ReadPin  stm32f1xx_hal_gpio.o
    0x08002f3a   0x08002f3a   0x00000010   Code   RO         1986    i.HAL_GPIO_TogglePin  stm32f1xx_hal_gpio.o
    0x08002f4a   0x08002f4a   0x0000000a   Code   RO         1987    i.HAL_GPIO_WritePin  stm32f1xx_hal_gpio.o
    0x08002f54   0x08002f54   0x0000000c   Code   RO         1679    i.HAL_GetTick       stm32f1xx_hal.o
    0x08002f60   0x08002f60   0x00000010   Code   RO         1685    i.HAL_IncTick       stm32f1xx_hal.o
    0x08002f70   0x08002f70   0x00000024   Code   RO         1686    i.HAL_Init          stm32f1xx_hal.o
    0x08002f94   0x08002f94   0x00000040   Code   RO         1687    i.HAL_InitTick      stm32f1xx_hal.o
    0x08002fd4   0x08002fd4   0x0000003c   Code   RO          635    i.HAL_MspInit       stm32f1xx_hal_msp.o
    0x08003010   0x08003010   0x0000001a   Code   RO         2143    i.HAL_NVIC_EnableIRQ  stm32f1xx_hal_cortex.o
    0x0800302a   0x0800302a   0x00000002   PAD
    0x0800302c   0x0800302c   0x00000040   Code   RO         2149    i.HAL_NVIC_SetPriority  stm32f1xx_hal_cortex.o
    0x0800306c   0x0800306c   0x00000024   Code   RO         2150    i.HAL_NVIC_SetPriorityGrouping  stm32f1xx_hal_cortex.o
    0x08003090   0x08003090   0x0000012c   Code   RO         1843    i.HAL_RCC_ClockConfig  stm32f1xx_hal_rcc.o
    0x080031bc   0x080031bc   0x00000020   Code   RO         1850    i.HAL_RCC_GetPCLK1Freq  stm32f1xx_hal_rcc.o
    0x080031dc   0x080031dc   0x00000020   Code   RO         1851    i.HAL_RCC_GetPCLK2Freq  stm32f1xx_hal_rcc.o
    0x080031fc   0x080031fc   0x0000006c   Code   RO         1852    i.HAL_RCC_GetSysClockFreq  stm32f1xx_hal_rcc.o
    0x08003268   0x08003268   0x00000320   Code   RO         1855    i.HAL_RCC_OscConfig  stm32f1xx_hal_rcc.o
    0x08003588   0x08003588   0x00000028   Code   RO         2154    i.HAL_SYSTICK_Config  stm32f1xx_hal_cortex.o
    0x080035b0   0x080035b0   0x00000002   Code   RO         1401    i.HAL_TIMEx_BreakCallback  stm32f1xx_hal_tim_ex.o
    0x080035b2   0x080035b2   0x00000002   Code   RO         1402    i.HAL_TIMEx_CommutCallback  stm32f1xx_hal_tim_ex.o
    0x080035b4   0x080035b4   0x00000060   Code   RO         1420    i.HAL_TIMEx_MasterConfigSynchronization  stm32f1xx_hal_tim_ex.o
    0x08003614   0x08003614   0x0000005a   Code   RO          697    i.HAL_TIM_Base_Init  stm32f1xx_hal_tim.o
    0x0800366e   0x0800366e   0x00000002   PAD
    0x08003670   0x08003670   0x0000009c   Code   RO          341    i.HAL_TIM_Base_MspInit  tim.o
    0x0800370c   0x0800370c   0x00000050   Code   RO          702    i.HAL_TIM_Base_Start_IT  stm32f1xx_hal_tim.o
    0x0800375c   0x0800375c   0x000000d6   Code   RO          706    i.HAL_TIM_ConfigClockSource  stm32f1xx_hal_tim.o
    0x08003832   0x08003832   0x00000002   PAD
    0x08003834   0x08003834   0x000000a8   Code   RO         3797    i.HAL_TIM_IC_CaptureCallback  ic.o
    0x080038dc   0x080038dc   0x0000010e   Code   RO          733    i.HAL_TIM_IC_ConfigChannel  stm32f1xx_hal_tim.o
    0x080039ea   0x080039ea   0x0000005a   Code   RO          736    i.HAL_TIM_IC_Init   stm32f1xx_hal_tim.o
    0x08003a44   0x08003a44   0x00000068   Code   RO          343    i.HAL_TIM_IC_MspInit  tim.o
    0x08003aac   0x08003aac   0x000000d8   Code   RO          741    i.HAL_TIM_IC_Start_IT  stm32f1xx_hal_tim.o
    0x08003b84   0x08003b84   0x00000166   Code   RO          745    i.HAL_TIM_IRQHandler  stm32f1xx_hal_tim.o
    0x08003cea   0x08003cea   0x00000002   Code   RO          748    i.HAL_TIM_OC_DelayElapsedCallback  stm32f1xx_hal_tim.o
    0x08003cec   0x08003cec   0x00000002   Code   RO          775    i.HAL_TIM_PWM_PulseFinishedCallback  stm32f1xx_hal_tim.o
    0x08003cee   0x08003cee   0x00000002   PAD
    0x08003cf0   0x08003cf0   0x00000020   Code   RO         3303    i.HAL_TIM_PeriodElapsedCallback  hcsr04.o
    0x08003d10   0x08003d10   0x00000002   Code   RO          788    i.HAL_TIM_TriggerCallback  stm32f1xx_hal_tim.o
    0x08003d12   0x08003d12   0x00000002   Code   RO         2644    i.HAL_UARTEx_RxEventCallback  stm32f1xx_hal_uart.o
    0x08003d14   0x08003d14   0x00000058   Code   RO         2656    i.HAL_UART_DMAStop  stm32f1xx_hal_uart.o
    0x08003d6c   0x08003d6c   0x00000002   Code   RO         2658    i.HAL_UART_ErrorCallback  stm32f1xx_hal_uart.o
    0x08003d6e   0x08003d6e   0x00000002   PAD
    0x08003d70   0x08003d70   0x0000020c   Code   RO         2661    i.HAL_UART_IRQHandler  stm32f1xx_hal_uart.o
    0x08003f7c   0x08003f7c   0x00000062   Code   RO         2662    i.HAL_UART_Init     stm32f1xx_hal_uart.o
    0x08003fde   0x08003fde   0x00000002   PAD
    0x08003fe0   0x08003fe0   0x000000e8   Code   RO          488    i.HAL_UART_MspInit  usart.o
    0x080040c8   0x080040c8   0x0000002a   Code   RO         2666    i.HAL_UART_Receive_DMA  stm32f1xx_hal_uart.o
    0x080040f2   0x080040f2   0x00000002   Code   RO         2668    i.HAL_UART_RxCpltCallback  stm32f1xx_hal_uart.o
    0x080040f4   0x080040f4   0x00000002   Code   RO         2669    i.HAL_UART_RxHalfCpltCallback  stm32f1xx_hal_uart.o
    0x080040f6   0x080040f6   0x00000002   PAD
    0x080040f8   0x080040f8   0x00000080   Code   RO         2671    i.HAL_UART_Transmit_DMA  stm32f1xx_hal_uart.o
    0x08004178   0x08004178   0x00000002   Code   RO         2673    i.HAL_UART_TxCpltCallback  stm32f1xx_hal_uart.o
    0x0800417a   0x0800417a   0x00000002   Code   RO         2674    i.HAL_UART_TxHalfCpltCallback  stm32f1xx_hal_uart.o
    0x0800417c   0x0800417c   0x00000028   Code   RO         3304    i.HC_SR04_Init      hcsr04.o
    0x080041a4   0x080041a4   0x00000002   Code   RO          533    i.HardFault_Handler  stm32f1xx_it.o
    0x080041a6   0x080041a6   0x00000002   PAD
    0x080041a8   0x080041a8   0x0000004c   Code   RO         3954    i.I2C_Ack           eeprom.o
    0x080041f4   0x080041f4   0x0000000a   Code   RO         3028    i.I2C_Delay         software_i2c.o
    0x080041fe   0x080041fe   0x00000002   PAD
    0x08004200   0x08004200   0x00000040   Code   RO         3956    i.I2C_NAck          eeprom.o
    0x08004240   0x08004240   0x00000010   Code   RO         3031    i.I2C_R_SDA         software_i2c.o
    0x08004250   0x08004250   0x00000058   Code   RO         3957    i.I2C_ReadByte      eeprom.o
    0x080042a8   0x080042a8   0x0000006c   Code   RO         3958    i.I2C_SendByte      eeprom.o
    0x08004314   0x08004314   0x0000002a   Code   RO         3034    i.I2C_Start         software_i2c.o
    0x0800433e   0x0800433e   0x00000002   PAD
    0x08004340   0x08004340   0x0000004c   Code   RO         3959    i.I2C_Start_        eeprom.o
    0x0800438c   0x0800438c   0x0000002a   Code   RO         3035    i.I2C_Stop          software_i2c.o
    0x080043b6   0x080043b6   0x00000002   PAD
    0x080043b8   0x080043b8   0x00000034   Code   RO         3960    i.I2C_Stop_         eeprom.o
    0x080043ec   0x080043ec   0x00000018   Code   RO         3036    i.I2C_W_SCL         software_i2c.o
    0x08004404   0x08004404   0x00000018   Code   RO         3037    i.I2C_W_SDA         software_i2c.o
    0x0800441c   0x0800441c   0x00000050   Code   RO         3961    i.I2C_WaitAck       eeprom.o
    0x0800446c   0x0800446c   0x00000036   Code   RO         3038    i.I2C_Wait_Ack      software_i2c.o
    0x080044a2   0x080044a2   0x00000002   PAD
    0x080044a4   0x080044a4   0x0000001c   Code   RO         3798    i.IC_Init           ic.o
    0x080044c0   0x080044c0   0x000002d4   Code   RO         3569    i.KeepShow          function.o
    0x08004794   0x08004794   0x00000010   Code   RO         3874    i.LED1_Turn         led.o
    0x080047a4   0x080047a4   0x0000003c   Code   RO          313    i.MX_DMA_Init       dma.o
    0x080047e0   0x080047e0   0x00000114   Code   RO          205    i.MX_GPIO_Init      gpio.o
    0x080048f4   0x080048f4   0x00000088   Code   RO          344    i.MX_TIM1_Init      tim.o
    0x0800497c   0x0800497c   0x000000a8   Code   RO          345    i.MX_TIM2_Init      tim.o
    0x08004a24   0x08004a24   0x00000068   Code   RO          346    i.MX_TIM3_Init      tim.o
    0x08004a8c   0x08004a8c   0x00000038   Code   RO          489    i.MX_USART1_UART_Init  usart.o
    0x08004ac4   0x08004ac4   0x00000002   Code   RO          534    i.MemManage_Handler  stm32f1xx_it.o
    0x08004ac6   0x08004ac6   0x00000002   PAD
    0x08004ac8   0x08004ac8   0x00000030   Code   RO         4045    i.Myprintf          serial.o
    0x08004af8   0x08004af8   0x00000002   Code   RO          535    i.NMI_Handler       stm32f1xx_it.o
    0x08004afa   0x08004afa   0x00000028   Code   RO         3117    i.OLED_Clear        ssd1306_oled.o
    0x08004b22   0x08004b22   0x000000e2   Code   RO         3121    i.OLED_Init         ssd1306_oled.o
    0x08004c04   0x08004c04   0x00000028   Code   RO         3122    i.OLED_Set_Pos      ssd1306_oled.o
    0x08004c2c   0x08004c2c   0x000000c4   Code   RO         3124    i.OLED_ShowChar     ssd1306_oled.o
    0x08004cf0   0x08004cf0   0x00000044   Code   RO         3125    i.OLED_ShowChinese  ssd1306_oled.o
    0x08004d34   0x08004d34   0x000000d4   Code   RO         3126    i.OLED_ShowFloatNum  ssd1306_oled.o
    0x08004e08   0x08004e08   0x00000064   Code   RO         3128    i.OLED_ShowNum      ssd1306_oled.o
    0x08004e6c   0x08004e6c   0x00000036   Code   RO         3130    i.OLED_ShowString   ssd1306_oled.o
    0x08004ea2   0x08004ea2   0x00000002   PAD
    0x08004ea4   0x08004ea4   0x00000138   Code   RO         3131    i.OLED_Show_A_CHinese  ssd1306_oled.o
    0x08004fdc   0x08004fdc   0x0000000c   Code   RO         3132    i.OLED_WR_Byte      ssd1306_oled.o
    0x08004fe8   0x08004fe8   0x0000002e   Code   RO         3133    i.OLED_WriteCommand  ssd1306_oled.o
    0x08005016   0x08005016   0x0000002e   Code   RO         3134    i.OLED_WritrDate    ssd1306_oled.o
    0x08005044   0x08005044   0x00000074   Code   RO         3570    i.Page2_AlarmInit   function.o
    0x080050b8   0x080050b8   0x000000dc   Code   RO         3571    i.Page2_TimeInit    function.o
    0x08005194   0x08005194   0x00000002   Code   RO          536    i.PendSV_Handler    stm32f1xx_it.o
    0x08005196   0x08005196   0x00000002   Code   RO          537    i.SVC_Handler       stm32f1xx_it.o
    0x08005198   0x08005198   0x00000020   Code   RO         3305    i.ScanDistance_cm   hcsr04.o
    0x080051b8   0x080051b8   0x00000020   Code   RO         3306    i.ScanDistance_m    hcsr04.o
    0x080051d8   0x080051d8   0x0000004c   Code   RO         3572    i.SetTemp           function.o
    0x08005224   0x08005224   0x00000034   Code   RO         4046    i.StringTrans       serial.o
    0x08005258   0x08005258   0x00000004   Code   RO          538    i.SysTick_Handler   stm32f1xx_it.o
    0x0800525c   0x0800525c   0x0000005e   Code   RO           14    i.SystemClock_Config  main.o
    0x080052ba   0x080052ba   0x00000002   Code   RO         2991    i.SystemInit        system_stm32f1xx.o
    0x080052bc   0x080052bc   0x0000000c   Code   RO          539    i.TIM1_CC_IRQHandler  stm32f1xx_it.o
    0x080052c8   0x080052c8   0x0000000c   Code   RO          540    i.TIM2_IRQHandler   stm32f1xx_it.o
    0x080052d4   0x080052d4   0x0000000c   Code   RO          541    i.TIM3_IRQHandler   stm32f1xx_it.o
    0x080052e0   0x080052e0   0x0000005c   Code   RO          790    i.TIM_Base_SetConfig  stm32f1xx_hal_tim.o
    0x0800533c   0x0800533c   0x0000001a   Code   RO          791    i.TIM_CCxChannelCmd  stm32f1xx_hal_tim.o
    0x08005356   0x08005356   0x00000014   Code   RO          801    i.TIM_ETR_SetConfig  stm32f1xx_hal_tim.o
    0x0800536a   0x0800536a   0x00000010   Code   RO          802    i.TIM_ITRx_SetConfig  stm32f1xx_hal_tim.o
    0x0800537a   0x0800537a   0x00000022   Code   RO          808    i.TIM_TI1_ConfigInputStage  stm32f1xx_hal_tim.o
    0x0800539c   0x0800539c   0x00000050   Code   RO          809    i.TIM_TI1_SetConfig  stm32f1xx_hal_tim.o
    0x080053ec   0x080053ec   0x00000024   Code   RO          810    i.TIM_TI2_ConfigInputStage  stm32f1xx_hal_tim.o
    0x08005410   0x08005410   0x00000036   Code   RO          811    i.TIM_TI2_SetConfig  stm32f1xx_hal_tim.o
    0x08005446   0x08005446   0x00000086   Code   RO         3573    i.TimeLimite        function.o
    0x080054cc   0x080054cc   0x00000024   Code   RO         3574    i.TimeSet           function.o
    0x080054f0   0x080054f0   0x0000002c   Code   RO         3575    i.TimeShow          function.o
    0x0800551c   0x0800551c   0x0000052c   Code   RO         3576    i.Turn_Show         function.o
    0x08005a48   0x08005a48   0x00000010   Code   RO         2675    i.UART_DMAAbortOnError  stm32f1xx_hal_uart.o
    0x08005a58   0x08005a58   0x0000004a   Code   RO         2676    i.UART_DMAError     stm32f1xx_hal_uart.o
    0x08005aa2   0x08005aa2   0x0000005a   Code   RO         2677    i.UART_DMAReceiveCplt  stm32f1xx_hal_uart.o
    0x08005afc   0x08005afc   0x0000001a   Code   RO         2679    i.UART_DMARxHalfCplt  stm32f1xx_hal_uart.o
    0x08005b16   0x08005b16   0x0000002e   Code   RO         2681    i.UART_DMATransmitCplt  stm32f1xx_hal_uart.o
    0x08005b44   0x08005b44   0x0000000a   Code   RO         2683    i.UART_DMATxHalfCplt  stm32f1xx_hal_uart.o
    0x08005b4e   0x08005b4e   0x00000030   Code   RO         2685    i.UART_EndRxTransfer  stm32f1xx_hal_uart.o
    0x08005b7e   0x08005b7e   0x00000012   Code   RO         2686    i.UART_EndTxTransfer  stm32f1xx_hal_uart.o
    0x08005b90   0x08005b90   0x000000b6   Code   RO         2687    i.UART_Receive_IT   stm32f1xx_hal_uart.o
    0x08005c46   0x08005c46   0x00000002   PAD
    0x08005c48   0x08005c48   0x000000b8   Code   RO         2688    i.UART_SetConfig    stm32f1xx_hal_uart.o
    0x08005d00   0x08005d00   0x00000070   Code   RO         2689    i.UART_Start_Receive_DMA  stm32f1xx_hal_uart.o
    0x08005d70   0x08005d70   0x00000070   Code   RO         4047    i.USART1_IRQHandler  serial.o
    0x08005de0   0x08005de0   0x00000040   Code   RO         4048    i.USART1_Init       serial.o
    0x08005e20   0x08005e20   0x0000001c   Code   RO         4049    i.USART1_TX_Wait    serial.o
    0x08005e3c   0x08005e3c   0x00000002   Code   RO          542    i.UsageFault_Handler  stm32f1xx_it.o
    0x08005e3e   0x08005e3e   0x00000002   PAD
    0x08005e40   0x08005e40   0x000000a8   Code   RO         3577    i.WarningState      function.o
    0x08005ee8   0x08005ee8   0x00000036   Code   RO         3039    i.Write_I2C_Byte    software_i2c.o
    0x08005f1e   0x08005f1e   0x00000028   Code   RO         4403    i.__ARM_fpclassify  m_ws.l(fpclassify.o)
    0x08005f46   0x08005f46   0x00000020   Code   RO         2156    i.__NVIC_SetPriority  stm32f1xx_hal_cortex.o
    0x08005f66   0x08005f66   0x0000000e   Code   RO         4257    i._is_digit         c_w.l(__printf_wp.o)
    0x08005f74   0x08005f74   0x00000038   Code   RO         3409    i.ds1302_DATAINPUT_init  ds1302.o
    0x08005fac   0x08005fac   0x00000050   Code   RO         3410    i.ds1302_DATAOUT_init  ds1302.o
    0x08005ffc   0x08005ffc   0x00000158   Code   RO           15    i.main              main.o
    0x08006154   0x08006154   0x00000010   Code   RO         3136    i.oled_pow          ssd1306_oled.o
    0x08006164   0x08006164   0x0000002c   Code   RO         4385    locale$$code        c_w.l(lc_numeric_c.o)
    0x08006190   0x08006190   0x0000002c   Code   RO         4413    locale$$code        c_w.l(lc_ctype_c.o)
    0x080061bc   0x080061bc   0x00000062   Code   RO         4144    x$fpl$d2f           fz_ws.l(d2f.o)
    0x0800621e   0x0800621e   0x00000002   PAD
    0x08006220   0x08006220   0x00000150   Code   RO         4146    x$fpl$dadd          fz_ws.l(daddsub_clz.o)
    0x08006370   0x08006370   0x000002b0   Code   RO         4153    x$fpl$ddiv          fz_ws.l(ddiv.o)
    0x08006620   0x08006620   0x0000002e   Code   RO         4157    x$fpl$dflt          fz_ws.l(dflt_clz.o)
    0x0800664e   0x0800664e   0x00000002   PAD
    0x08006650   0x08006650   0x00000154   Code   RO         4162    x$fpl$dmul          fz_ws.l(dmul.o)
    0x080067a4   0x080067a4   0x0000009c   Code   RO         4290    x$fpl$dnaninf       fz_ws.l(dnaninf.o)
    0x08006840   0x08006840   0x0000000c   Code   RO         4292    x$fpl$dretinf       fz_ws.l(dretinf.o)
    0x0800684c   0x0800684c   0x000001d4   Code   RO         4148    x$fpl$dsub          fz_ws.l(daddsub_clz.o)
    0x08006a20   0x08006a20   0x00000056   Code   RO         4164    x$fpl$f2d           fz_ws.l(f2d.o)
    0x08006a76   0x08006a76   0x00000002   PAD
    0x08006a78   0x08006a78   0x000000c4   Code   RO         4166    x$fpl$fadd          fz_ws.l(faddsub_clz.o)
    0x08006b3c   0x08006b3c   0x0000000c   Code   RO         4294    x$fpl$fcheck1       fz_ws.l(fcheck1.o)
    0x08006b48   0x08006b48   0x00000018   Code   RO         4296    x$fpl$fcmpinf       fz_ws.l(fcmpi.o)
    0x08006b60   0x08006b60   0x00000036   Code   RO         4172    x$fpl$ffix          fz_ws.l(ffix.o)
    0x08006b96   0x08006b96   0x00000002   PAD
    0x08006b98   0x08006b98   0x0000003e   Code   RO         4176    x$fpl$ffixu         fz_ws.l(ffixu.o)
    0x08006bd6   0x08006bd6   0x00000002   PAD
    0x08006bd8   0x08006bd8   0x00000030   Code   RO         4181    x$fpl$fflt          fz_ws.l(fflt_clz.o)
    0x08006c08   0x08006c08   0x00000026   Code   RO         4180    x$fpl$ffltu         fz_ws.l(fflt_clz.o)
    0x08006c2e   0x08006c2e   0x00000002   PAD
    0x08006c30   0x08006c30   0x00000068   Code   RO         4186    x$fpl$fleqf         fz_ws.l(fleqf.o)
    0x08006c98   0x08006c98   0x00000102   Code   RO         4188    x$fpl$fmul          fz_ws.l(fmul.o)
    0x08006d9a   0x08006d9a   0x0000008c   Code   RO         4298    x$fpl$fnaninf       fz_ws.l(fnaninf.o)
    0x08006e26   0x08006e26   0x0000000a   Code   RO         4300    x$fpl$fretinf       fz_ws.l(fretinf.o)
    0x08006e30   0x08006e30   0x00000014   Code   RO         4167    x$fpl$frsb          fz_ws.l(faddsub_clz.o)
    0x08006e44   0x08006e44   0x000000ea   Code   RO         4168    x$fpl$fsub          fz_ws.l(faddsub_clz.o)
    0x08006f2e   0x08006f2e   0x00000004   Code   RO         4302    x$fpl$printf1       fz_ws.l(printf1.o)
    0x08006f32   0x08006f32   0x00000004   Code   RO         4304    x$fpl$printf2       fz_ws.l(printf2.o)
    0x08006f36   0x08006f36   0x00000064   Code   RO         4346    x$fpl$retnan        fz_ws.l(retnan.o)
    0x08006f9a   0x08006f9a   0x0000004c   Code   RO         4190    x$fpl$scalbnf       fz_ws.l(scalbnf.o)
    0x08006fe6   0x08006fe6   0x00000030   Code   RO         4401    x$fpl$trapveneer    fz_ws.l(trapv.o)
    0x08007016   0x08007016   0x00000000   Code   RO         4310    x$fpl$usenofp       fz_ws.l(usenofp.o)
    0x08007016   0x08007016   0x00000010   Data   RO         2992    .constdata          system_stm32f1xx.o
    0x08007026   0x08007026   0x00000008   Data   RO         2993    .constdata          system_stm32f1xx.o
    0x0800702e   0x0800702e   0x00000b64   Data   RO         3137    .constdata          ssd1306_oled.o
    0x08007b92   0x08007b92   0x00000002   PAD
    0x08007b94   0x08007b94   0x00000008   Data   RO         4216    .constdata          c_w.l(_printf_wctomb.o)
    0x08007b9c   0x08007b9c   0x00000028   Data   RO         4245    .constdata          c_w.l(_printf_hex_int_ll_ptr.o)
    0x08007bc4   0x08007bc4   0x00000011   Data   RO         4265    .constdata          c_w.l(__printf_flags_ss_wp.o)
    0x08007bd5   0x08007bd5   0x00000026   Data   RO         4335    .constdata          c_w.l(_printf_fp_hex.o)
    0x08007bfb   0x08007bfb   0x00000001   PAD
    0x08007bfc   0x08007bfc   0x00000094   Data   RO         4360    .constdata          c_w.l(bigflt0.o)
    0x08007c90   0x08007c90   0x00000020   Data   RO         4537    Region$$Table       anon$$obj.o
    0x08007cb0   0x08007cb0   0x0000001c   Data   RO         4384    locale$$data        c_w.l(lc_numeric_c.o)
    0x08007ccc   0x08007ccc   0x00000110   Data   RO         4412    locale$$data        c_w.l(lc_ctype_c.o)


    Execution Region RW_IRAM1 (Exec base: 0x20000000, Load base: 0x08007ddc, Size: 0x00000cd8, Max: 0x00002800, ABSOLUTE)

    Exec Addr    Load Addr    Size         Type   Attr      Idx    E Section Name        Object

    0x20000000   0x08007ddc   0x00000004   Data   RW           16    .data               main.o
    0x20000004   0x08007de0   0x0000000c   Data   RW         1693    .data               stm32f1xx_hal.o
    0x20000010   0x08007dec   0x00000004   Data   RW         2994    .data               system_stm32f1xx.o
    0x20000014   0x08007df0   0x00000004   PAD
    0x20000018   0x08007df4   0x00000018   Data   RW         3308    .data               hcsr04.o
    0x20000030   0x08007e0c   0x00000002   Data   RW         3371    .data               encoder.o
    0x20000032   0x08007e0e   0x0000001a   Data   RW         3411    .data               ds1302.o
    0x2000004c   0x08007e28   0x00000024   Data   RW         3579    .data               function.o
    0x20000070   0x08007e4c   0x0000000c   Data   RW         3802    .data               ic.o
    0x2000007c   0x08007e58   0x00000016   Data   RW         4052    .data               serial.o
    0x20000092   0x08007e6e   0x00000002   PAD
    0x20000094        -       0x000000d8   Zero   RW          347    .bss                tim.o
    0x2000016c        -       0x000000cc   Zero   RW          490    .bss                usart.o
    0x20000238        -       0x0000001d   Zero   RW         3578    .bss                function.o
    0x20000255   0x08007e6e   0x00000003   PAD
    0x20000258        -       0x00000020   Zero   RW         3799    .bss                ic.o
    0x20000278        -       0x00000400   Zero   RW         4050    .bss                serial.o
    0x20000678        -       0x00000060   Zero   RW         4406    .bss                c_w.l(libspace.o)
    0x200006d8        -       0x00000200   Zero   RW            2    HEAP                startup_stm32f103x6.o
    0x200008d8        -       0x00000400   Zero   RW            1    STACK               startup_stm32f103x6.o


==============================================================================

Image component sizes


      Code (inc. data)   RO Data    RW Data    ZI Data      Debug   Object Name

        76          0          0          0          0       1738   delay.o
        60          4          0          0          0        778   dma.o
       994         46          0         26          0       8924   ds1302.o
       524         34          0          0          0       5257   ds18b20.o
       768         34          0          0          0       5837   eeprom.o
       104         14          0          2          0       1302   encoder.o
      3990        716          0         36         29      10045   function.o
       276         18          0          0          0     413931   gpio.o
       272         40          0         24          0       3137   hcsr04.o
       224         22          0         12         32       2450   ic.o
       104          4          0          0          0        560   key.o
        48         18          0          0          0       1225   led.o
       442         42          0          4          0      36087   main.o
       436         80          0         22       1024       5866   serial.o
       266         14          0          0          0       4419   software_i2c.o
      1368         16       2916          0          0      10225   ssd1306_oled.o
        64         26        236          0       1536        816   startup_stm32f103x6.o
       128         24          0         12          0       5001   stm32f1xx_hal.o
       198         14          0          0          0      28999   stm32f1xx_hal_cortex.o
       808         36          0          0          0       5034   stm32f1xx_hal_dma.o
       508         36          0          0          0       4751   stm32f1xx_hal_gpio.o
        60          8          0          0          0        882   stm32f1xx_hal_msp.o
      1272        100          0          0          0       5236   stm32f1xx_hal_rcc.o
      1682         38          0          0          0      14075   stm32f1xx_hal_tim.o
       100         10          0          0          0       2401   stm32f1xx_hal_tim_ex.o
      1698         38          0          0          0      15231   stm32f1xx_hal_uart.o
        86         24          0          0          0       6203   stm32f1xx_it.o
         2          0         24          4          0       1139   system_stm32f1xx.o
       668         52          0          0        216     385049   tim.o
       288         30          0          0        204       1912   usart.o

    ----------------------------------------------------------------------
     17558       1538       3210        148       3044     988510   Object Totals
         0          0         32          0          0          0   (incl. Generated)
        44          0          2          6          3          0   (incl. Padding)

    ----------------------------------------------------------------------

      Code (inc. data)   RO Data    RW Data    ZI Data      Debug   Library Member Name

         8          0          0          0          0         68   __main.o
       392          4         17          0          0         92   __printf_flags_ss_wp.o
        14          0          0          0          0         68   __printf_wp.o
         0          0          0          0          0          0   __rtentry.o
        12          0          0          0          0          0   __rtentry2.o
         6          0          0          0          0          0   __rtentry4.o
        52          8          0          0          0          0   __scatter.o
        26          0          0          0          0          0   __scatter_copy.o
        28          0          0          0          0          0   __scatter_zi.o
         6          0          0          0          0          0   _printf_a.o
         6          0          0          0          0          0   _printf_c.o
        44          0          0          0          0        108   _printf_char.o
        48          6          0          0          0         96   _printf_char_common.o
        40          0          0          0          0         68   _printf_charcount.o
         6          0          0          0          0          0   _printf_d.o
       120         16          0          0          0         92   _printf_dec.o
         6          0          0          0          0          0   _printf_e.o
         6          0          0          0          0          0   _printf_f.o
      1054          0          0          0          0        216   _printf_fp_dec.o
       764          8         38          0          0        100   _printf_fp_hex.o
       128         16          0          0          0         84   _printf_fp_infnan.o
         6          0          0          0          0          0   _printf_g.o
       148          4         40          0          0        160   _printf_hex_int_ll_ptr.o
         6          0          0          0          0          0   _printf_i.o
       178          0          0          0          0         88   _printf_intcommon.o
        10          0          0          0          0          0   _printf_l.o
         6          0          0          0          0          0   _printf_lc.o
        10          0          0          0          0          0   _printf_ll.o
         6          0          0          0          0          0   _printf_lld.o
         6          0          0          0          0          0   _printf_lli.o
         6          0          0          0          0          0   _printf_llo.o
         6          0          0          0          0          0   _printf_llu.o
         6          0          0          0          0          0   _printf_llx.o
       124         16          0          0          0         92   _printf_longlong_dec.o
         6          0          0          0          0          0   _printf_ls.o
         6          0          0          0          0          0   _printf_n.o
         6          0          0          0          0          0   _printf_o.o
       112         10          0          0          0        124   _printf_oct_int_ll.o
         6          0          0          0          0          0   _printf_p.o
        78          0          0          0          0        108   _printf_pad.o
         0          0          0          0          0          0   _printf_percent.o
         4          0          0          0          0          0   _printf_percent_end.o
         6          0          0          0          0          0   _printf_s.o
        82          0          0          0          0         80   _printf_str.o
        36          0          0          0          0         84   _printf_truncate.o
         6          0          0          0          0          0   _printf_u.o
        44          0          0          0          0        108   _printf_wchar.o
       188          6          8          0          0         92   _printf_wctomb.o
         6          0          0          0          0          0   _printf_x.o
        16          0          0          0          0         68   _snputc.o
        10          0          0          0          0         68   _sputc.o
        64          0          0          0          0         92   _wcrtomb.o
       228          4        148          0          0         96   bigflt0.o
      1936        128          0          0          0        672   btod.o
        18          0          0          0          0         80   exit.o
         6          0          0          0          0        152   heapauxi.o
         0          0          0          0          0          0   indicate_semi.o
        44         10        272          0          0         76   lc_ctype_c.o
        44         10         28          0          0         76   lc_numeric_c.o
         2          0          0          0          0          0   libinit.o
        30          0          0          0          0          0   libinit2.o
         2          0          0          0          0          0   libshutdown.o
         2          0          0          0          0          0   libshutdown2.o
         8          4          0          0         96         68   libspace.o
       138          0          0          0          0         80   lludiv10.o
       238          0          0          0          0        100   lludivv7m.o
        16          4          0          0          0         76   rt_ctype_table.o
         8          4          0          0          0         68   rt_locale_intlibspace.o
        68          0          0          0          0         68   rt_memclr.o
        78          0          0          0          0         80   rt_memclr_w.o
         2          0          0          0          0          0   rtexit.o
        10          0          0          0          0          0   rtexit2.o
       128          0          0          0          0         68   strcmpv7m.o
        62          0          0          0          0         76   strlen.o
        12          4          0          0          0         68   sys_exit.o
        74          0          0          0          0         80   sys_stackheap_outer.o
         2          0          0          0          0         68   use_no_semi.o
        52          4          0          0          0         80   vsnprintf.o
        98          4          0          0          0         92   d2f.o
       804         16          0          0          0        272   daddsub_clz.o
       688        140          0          0          0        208   ddiv.o
        46          0          0          0          0         68   dflt_clz.o
       340         12          0          0          0        104   dmul.o
       156          4          0          0          0         92   dnaninf.o
        12          0          0          0          0         68   dretinf.o
        86          4          0          0          0         84   f2d.o
       450          8          0          0          0        236   faddsub_clz.o
        12          4          0          0          0         68   fcheck1.o
        24          0          0          0          0         68   fcmpi.o
        54          4          0          0          0         84   ffix.o
        62          4          0          0          0         84   ffixu.o
        86          0          0          0          0        136   fflt_clz.o
       104          4          0          0          0         84   fleqf.o
       258          4          0          0          0         84   fmul.o
       140          4          0          0          0         84   fnaninf.o
        10          0          0          0          0         68   fretinf.o
         4          0          0          0          0         68   printf1.o
         4          0          0          0          0         68   printf2.o
       100          0          0          0          0         68   retnan.o
        76          0          0          0          0         68   scalbnf.o
        48          0          0          0          0         68   trapv.o
         0          0          0          0          0          0   usenofp.o
        40          0          0          0          0         68   fpclassify.o

    ----------------------------------------------------------------------
     10900        478        552          0         96       6680   Library Totals
        30          0          1          0          0          0   (incl. Padding)

    ----------------------------------------------------------------------

      Code (inc. data)   RO Data    RW Data    ZI Data      Debug   Library Name

      7168        266        551          0         96       4288   c_w.l
      3662        212          0          0          0       2324   fz_ws.l
        40          0          0          0          0         68   m_ws.l

    ----------------------------------------------------------------------
     10900        478        552          0         96       6680   Library Totals

    ----------------------------------------------------------------------

==============================================================================


      Code (inc. data)   RO Data    RW Data    ZI Data      Debug   

     28458       2016       3762        148       3140     982134   Grand Totals
     28458       2016       3762        148       3140     982134   ELF Image Totals
     28458       2016       3762        148          0          0   ROM Totals

==============================================================================

    Total RO  Size (Code + RO Data)                32220 (  31.46kB)
    Total RW  Size (RW Data + ZI Data)              3288 (   3.21kB)
    Total ROM Size (Code + RO Data + RW Data)      32368 (  31.61kB)

==============================================================================

